Product: MDK-ARM Standard Cortex-M only 5.10
Component: ARM Compiler 5.04 update 1 (build 49)
Tool: armlink [5040049]

==============================================================================

Section Cross References

    arm_startup_nrf51.o(STACK) refers (Special) to heapauxi.o(.text) for __use_two_region_memory
    arm_startup_nrf51.o(HEAP) refers (Special) to heapauxi.o(.text) for __use_two_region_memory
    arm_startup_nrf51.o(RESET) refers (Special) to heapauxi.o(.text) for __use_two_region_memory
    arm_startup_nrf51.o(RESET) refers to arm_startup_nrf51.o(STACK) for __initial_sp
    arm_startup_nrf51.o(RESET) refers to arm_startup_nrf51.o(.text) for Reset_Handler
    arm_startup_nrf51.o(RESET) refers to app_gpiote.o(.text) for GPIOTE_IRQHandler
    arm_startup_nrf51.o(RESET) refers to battery.o(.text) for ADC_IRQHandler
    arm_startup_nrf51.o(RESET) refers to app_timer.o(.text) for RTC1_IRQHandler
    arm_startup_nrf51.o(RESET) refers to softdevice_handler.o(.text) for SWI2_IRQHandler
    arm_startup_nrf51.o(.text) refers (Special) to heapauxi.o(.text) for __use_two_region_memory
    arm_startup_nrf51.o(.text) refers to system_nrf51.o(.text) for SystemInit
    arm_startup_nrf51.o(.text) refers to __main.o(!!!main) for __main
    arm_startup_nrf51.o(.text) refers to arm_startup_nrf51.o(HEAP) for Heap_Mem
    arm_startup_nrf51.o(.text) refers to arm_startup_nrf51.o(STACK) for Stack_Mem
    system_nrf51.o(.text) refers to system_nrf51.o(.data) for SystemCoreClock
    main.o(.text) refers to battery.o(.text) for battery_start
    main.o(.text) refers to app_timer.o(.text) for app_timer_init
    main.o(.text) refers to rt_memclr.o(.text) for __aeabi_memclr4
    main.o(.text) refers to ble_advdata.o(.text) for ble_advdata_set
    main.o(.text) refers to ble_bas.o(.text) for ble_bas_init
    main.o(.text) refers to ble_conn_params.o(.text) for ble_conn_params_init
    main.o(.text) refers to main.o(.bss) for APP_TIMER_BUF
    main.o(.text) refers to main.o(.data) for m_battery_timer_id
    main.o(.text) refers to main.o(.constdata) for .constdata
    main.o(.text) refers to rt_memcpy.o(.text) for __aeabi_memcpy
    main.o(.text) refers to pstorage.o(.text) for pstorage_sys_event_handler
    main.o(.text) refers to softdevice_handler.o(.text) for softdevice_handler_init
    main.o(.text) refers to app_scheduler.o(.text) for app_sched_init
    main.o(.text) refers to app_gpiote.o(.text) for app_gpiote_init
    main.o(.text) refers to app_button.o(.text) for app_button_init
    ble_srv_common.o(.text) refers to main.o(.text) for app_error_handler
    ble_srv_common.o(.text) refers to strlen.o(.text) for strlen
    ble_bas.o(.text) refers to rt_memclr.o(.text) for __aeabi_memclr4
    ble_bas.o(.text) refers to ble_srv_common.o(.text) for ble_srv_report_ref_encode
    battery.o(.text) refers to aeabi_sdiv.o(.text) for __aeabi_idivmod
    battery.o(.text) refers to ble_bas.o(.text) for ble_bas_battery_level_update
    battery.o(.text) refers to main.o(.text) for app_error_handler
    battery.o(.text) refers to main.o(.bss) for bas
    ble_error_log.o(.text) refers to rt_memcpy.o(.emb_text) for __aeabi_memcpy4
    ble_error_log.o(.text) refers to strncpy.o(.text) for strncpy
    ble_error_log.o(.text) refers to arm_startup_nrf51.o(RESET) for __Vectors
    ble_error_log.o(.text) refers to ble_error_log.o(.bss) for m_ble_error_log
    pstorage.o(.text) refers to pstorage.o(i.__ARM_common_switch8) for __ARM_common_switch8
    pstorage.o(.text) refers to aeabi_sdiv.o(.text) for __aeabi_uidivmod
    pstorage.o(.text) refers to pstorage.o(.bss) for m_cmd_queue
    pstorage.o(.text) refers to pstorage.o(.data) for m_round_val
    pstorage.o(.text) refers to rt_memcpy.o(.text) for __aeabi_memcpy
    ble_advdata.o(.text) refers to rt_memcpy.o(.text) for __aeabi_memcpy
    app_scheduler.o(.text) refers to main.o(.text) for app_error_handler
    app_scheduler.o(.text) refers to rt_memcpy.o(.text) for __aeabi_memcpy
    app_scheduler.o(.text) refers to app_scheduler.o(.data) for m_queue_event_headers
    app_timer.o(.text) refers to app_timer.o(.emb_text) for __asm___11_app_timer_c_cd27f9c3__nrf_delay_us
    app_timer.o(.text) refers to main.o(.text) for app_error_handler
    app_timer.o(.text) refers to app_timer.o(.data) for m_rtc1_running
    ble_conn_params.o(.text) refers to rt_memcpy.o(.emb_text) for __aeabi_memcpy4
    ble_conn_params.o(.text) refers to rt_memcpy.o(.text) for __aeabi_memcpy
    ble_conn_params.o(.text) refers to app_timer.o(.text) for app_timer_create
    ble_conn_params.o(.text) refers to ble_conn_params.o(.data) for m_preferred_conn_params
    ble_conn_params.o(.text) refers to ble_conn_params.o(.bss) for m_conn_params_config
    softdevice_handler.o(.text) refers to main.o(.text) for assert_nrf_callback
    softdevice_handler.o(.text) refers to softdevice_handler.o(.data) for m_softdevice_enabled
    app_button.o(.text) refers to main.o(.text) for app_error_handler
    app_button.o(.text) refers to app_gpiote.o(.text) for app_gpiote_pins_state_get
    app_button.o(.text) refers to app_timer.o(.text) for app_timer_stop
    app_button.o(.text) refers to app_button.o(.data) for m_evt_schedule_func
    app_gpiote.o(.text) refers to rt_memclr.o(.text) for __aeabi_memclr4
    app_gpiote.o(.text) refers to app_gpiote.o(.data) for mp_users
    ble_debug_assert_handler.o(.text) refers to strncpy.o(.text) for strncpy
    ble_debug_assert_handler.o(.text) refers to ble_debug_assert_handler.o(.bss) for s_file_name
    ble_debug_assert_handler.o(.text) refers to ble_debug_assert_handler.o(.data) for s_line_num
    rt_memcpy.o(.text) refers to rt_memcpy.o(.emb_text) for __aeabi_memcpy4
    strncpy.o(.text) refers to rt_memclr.o(.text) for __rt_memclr
    __main.o(!!!main) refers to rtentry.o(.ARM.Collect$$rtentry$$00000000) for __rt_entry
    rtentry.o(.ARM.Collect$$rtentry$$00000000) refers (Special) to rtentry2.o(.ARM.Collect$$rtentry$$0000000A) for __rt_entry_li
    rtentry.o(.ARM.Collect$$rtentry$$00000000) refers (Special) to rtentry2.o(.ARM.Collect$$rtentry$$0000000D) for __rt_entry_main
    rtentry.o(.ARM.Collect$$rtentry$$00000000) refers (Special) to rtentry2.o(.ARM.Collect$$rtentry$$0000000C) for __rt_entry_postli_1
    rtentry.o(.ARM.Collect$$rtentry$$00000000) refers (Special) to rtentry2.o(.ARM.Collect$$rtentry$$00000009) for __rt_entry_postsh_1
    rtentry.o(.ARM.Collect$$rtentry$$00000000) refers (Special) to rtentry2.o(.ARM.Collect$$rtentry$$00000002) for __rt_entry_presh_1
    rtentry.o(.ARM.Collect$$rtentry$$00000000) refers (Special) to rtentry4.o(.ARM.Collect$$rtentry$$00000004) for __rt_entry_sh
    aeabi_idiv0_sigfpe.o(.text) refers to rt_div0.o(.text) for __rt_div0
    rtentry2.o(.ARM.Collect$$rtentry$$00000008) refers to boardinit2.o(.text) for _platform_post_stackheap_init
    rtentry2.o(.ARM.Collect$$rtentry$$0000000A) refers to libinit.o(.ARM.Collect$$libinit$$00000000) for __rt_lib_init
    rtentry2.o(.ARM.Collect$$rtentry$$0000000B) refers to boardinit3.o(.text) for _platform_post_lib_init
    rtentry2.o(.ARM.Collect$$rtentry$$0000000D) refers to main.o(.text) for main
    rtentry2.o(.ARM.Collect$$rtentry$$0000000D) refers to exit.o(.text) for exit
    rtentry2.o(.ARM.exidx) refers to rtentry2.o(.ARM.Collect$$rtentry$$00000001) for .ARM.Collect$$rtentry$$00000001
    rtentry2.o(.ARM.exidx) refers to rtentry2.o(.ARM.Collect$$rtentry$$00000008) for .ARM.Collect$$rtentry$$00000008
    rtentry2.o(.ARM.exidx) refers to rtentry2.o(.ARM.Collect$$rtentry$$0000000A) for .ARM.Collect$$rtentry$$0000000A
    rtentry2.o(.ARM.exidx) refers to rtentry2.o(.ARM.Collect$$rtentry$$0000000B) for .ARM.Collect$$rtentry$$0000000B
    rtentry2.o(.ARM.exidx) refers to rtentry2.o(.ARM.Collect$$rtentry$$0000000D) for .ARM.Collect$$rtentry$$0000000D
    rtentry4.o(.ARM.Collect$$rtentry$$00000004) refers to sys_stackheap_outer.o(.text) for __user_setup_stackheap
    rtentry4.o(.ARM.exidx) refers to rtentry4.o(.ARM.Collect$$rtentry$$00000004) for .ARM.Collect$$rtentry$$00000004
    rt_div0.o(.text) refers to defsig_fpe_outer.o(.text) for __rt_SIGFPE
    sys_stackheap_outer.o(.text) refers to libspace.o(.text) for __user_perproc_libspace
    sys_stackheap_outer.o(.text) refers to arm_startup_nrf51.o(.text) for __user_initial_stackheap
    sys_stackheap_outer.o(__vectab_stack_and_reset_area) refers to tempstk.o(.text) for __temporary_stack_top
    sys_stackheap_outer.o(__vectab_stack_and_reset_area) refers to __main.o(!!!main) for __main
    exit.o(.text) refers to rtexit.o(.ARM.Collect$$rtexit$$00000000) for __rt_exit
    defsig_fpe_outer.o(.text) refers to defsig_fpe_inner.o(.text) for __rt_SIGFPE_inner
    defsig_fpe_outer.o(.text) refers to defsig_exit.o(.text) for __sig_exit
    defsig_fpe_formal.o(.text) refers to rt_raise.o(.text) for __rt_raise
    libinit.o(.ARM.Collect$$libinit$$00000000) refers (Special) to libinit2.o(.ARM.Collect$$libinit$$0000002C) for __rt_lib_init_alloca_1
    libinit.o(.ARM.Collect$$libinit$$00000000) refers (Special) to libinit2.o(.ARM.Collect$$libinit$$0000002A) for __rt_lib_init_argv_1
    libinit.o(.ARM.Collect$$libinit$$00000000) refers (Special) to libinit2.o(.ARM.Collect$$libinit$$00000019) for __rt_lib_init_atexit_1
    libinit.o(.ARM.Collect$$libinit$$00000000) refers (Special) to libinit2.o(.ARM.Collect$$libinit$$0000001F) for __rt_lib_init_clock_1
    libinit.o(.ARM.Collect$$libinit$$00000000) refers (Special) to libinit2.o(.ARM.Collect$$libinit$$00000030) for __rt_lib_init_cpp_1
    libinit.o(.ARM.Collect$$libinit$$00000000) refers (Special) to libinit2.o(.ARM.Collect$$libinit$$0000002E) for __rt_lib_init_exceptions_1
    libinit.o(.ARM.Collect$$libinit$$00000000) refers (Special) to libinit2.o(.ARM.Collect$$libinit$$00000001) for __rt_lib_init_fp_1
    libinit.o(.ARM.Collect$$libinit$$00000000) refers (Special) to libinit2.o(.ARM.Collect$$libinit$$0000001D) for __rt_lib_init_fp_trap_1
    libinit.o(.ARM.Collect$$libinit$$00000000) refers (Special) to libinit2.o(.ARM.Collect$$libinit$$00000021) for __rt_lib_init_getenv_1
    libinit.o(.ARM.Collect$$libinit$$00000000) refers (Special) to libinit2.o(.ARM.Collect$$libinit$$00000008) for __rt_lib_init_heap_1
    libinit.o(.ARM.Collect$$libinit$$00000000) refers (Special) to libinit2.o(.ARM.Collect$$libinit$$0000000F) for __rt_lib_init_lc_collate_1
    libinit.o(.ARM.Collect$$libinit$$00000000) refers (Special) to libinit2.o(.ARM.Collect$$libinit$$00000011) for __rt_lib_init_lc_ctype_1
    libinit.o(.ARM.Collect$$libinit$$00000000) refers (Special) to libinit2.o(.ARM.Collect$$libinit$$00000013) for __rt_lib_init_lc_monetary_1
    libinit.o(.ARM.Collect$$libinit$$00000000) refers (Special) to libinit2.o(.ARM.Collect$$libinit$$00000015) for __rt_lib_init_lc_numeric_1
    libinit.o(.ARM.Collect$$libinit$$00000000) refers (Special) to libinit2.o(.ARM.Collect$$libinit$$00000017) for __rt_lib_init_lc_time_1
    libinit.o(.ARM.Collect$$libinit$$00000000) refers (Special) to libinit2.o(.ARM.Collect$$libinit$$0000000C) for __rt_lib_init_rand_1
    libinit.o(.ARM.Collect$$libinit$$00000000) refers (Special) to libinit2.o(.ARM.Collect$$libinit$$00000031) for __rt_lib_init_return
    libinit.o(.ARM.Collect$$libinit$$00000000) refers (Special) to libinit2.o(.ARM.Collect$$libinit$$0000001B) for __rt_lib_init_signal_1
    libinit.o(.ARM.Collect$$libinit$$00000000) refers (Special) to libinit2.o(.ARM.Collect$$libinit$$00000023) for __rt_lib_init_stdio_1
    libinit.o(.ARM.Collect$$libinit$$00000000) refers (Special) to libinit2.o(.ARM.Collect$$libinit$$0000000A) for __rt_lib_init_user_alloc_1
    libspace.o(.text) refers to libspace.o(.bss) for __libspace_start
    rtexit.o(.ARM.Collect$$rtexit$$00000000) refers (Special) to rtexit2.o(.ARM.Collect$$rtexit$$00000004) for __rt_exit_exit
    rtexit.o(.ARM.Collect$$rtexit$$00000000) refers (Special) to rtexit2.o(.ARM.Collect$$rtexit$$00000003) for __rt_exit_ls
    rtexit.o(.ARM.Collect$$rtexit$$00000000) refers (Special) to rtexit2.o(.ARM.Collect$$rtexit$$00000002) for __rt_exit_prels_1
    rtexit.o(.ARM.exidx) refers (Special) to rtexit2.o(.ARM.Collect$$rtexit$$00000004) for __rt_exit_exit
    rtexit.o(.ARM.exidx) refers (Special) to rtexit2.o(.ARM.Collect$$rtexit$$00000003) for __rt_exit_ls
    rtexit.o(.ARM.exidx) refers (Special) to rtexit2.o(.ARM.Collect$$rtexit$$00000002) for __rt_exit_prels_1
    rtexit.o(.ARM.exidx) refers to rtexit.o(.ARM.Collect$$rtexit$$00000000) for .ARM.Collect$$rtexit$$00000000
    rt_raise.o(.text) refers to __raise.o(.text) for __raise
    rt_raise.o(.text) refers to sys_exit.o(.text) for _sys_exit
    defsig_exit.o(.text) refers to sys_exit.o(.text) for _sys_exit
    defsig_fpe_inner.o(.text) refers to defsig_general.o(.text) for __default_signal_display
    libinit2.o(.ARM.Collect$$libinit$$0000000E) refers to libinit2.o(.ARM.Collect$$libinit$$0000000D) for .ARM.Collect$$libinit$$0000000D
    libinit2.o(.ARM.Collect$$libinit$$00000010) refers to libinit2.o(.ARM.Collect$$libinit$$0000000D) for .ARM.Collect$$libinit$$0000000D
    libinit2.o(.ARM.Collect$$libinit$$00000012) refers to libinit2.o(.ARM.Collect$$libinit$$0000000D) for .ARM.Collect$$libinit$$0000000D
    libinit2.o(.ARM.Collect$$libinit$$00000014) refers to libinit2.o(.ARM.Collect$$libinit$$0000000D) for .ARM.Collect$$libinit$$0000000D
    libinit2.o(.ARM.Collect$$libinit$$00000016) refers to libinit2.o(.ARM.Collect$$libinit$$0000000D) for .ARM.Collect$$libinit$$0000000D
    libinit2.o(.ARM.Collect$$libinit$$00000024) refers to argv_veneer.o(.text) for __ARM_argv_veneer
    libinit2.o(.ARM.Collect$$libinit$$00000025) refers to argv_veneer.o(.text) for __ARM_argv_veneer
    sys_exit.o(.text) refers (Special) to use_no_semi.o(.text) for __I$use$semihosting
    sys_exit.o(.text) refers (Special) to indicate_semi.o(.text) for __semihosting_library_function
    rtexit2.o(.ARM.Collect$$rtexit$$00000003) refers to libshutdown.o(.ARM.Collect$$libshutdown$$00000000) for __rt_lib_shutdown
    rtexit2.o(.ARM.Collect$$rtexit$$00000004) refers to sys_exit.o(.text) for _sys_exit
    rtexit2.o(.ARM.exidx) refers to rtexit2.o(.ARM.Collect$$rtexit$$00000001) for .ARM.Collect$$rtexit$$00000001
    rtexit2.o(.ARM.exidx) refers to rtexit2.o(.ARM.Collect$$rtexit$$00000003) for .ARM.Collect$$rtexit$$00000003
    rtexit2.o(.ARM.exidx) refers to rtexit2.o(.ARM.Collect$$rtexit$$00000004) for .ARM.Collect$$rtexit$$00000004
    __raise.o(.text) refers to defsig.o(CL$$defsig) for __default_signal_handler
    defsig_general.o(.text) refers to sys_wrch.o(.text) for _ttywrch
    sys_wrch.o(.text) refers (Special) to use_no_semi.o(.text) for __I$use$semihosting
    sys_wrch.o(.text) refers (Special) to indicate_semi.o(.text) for __semihosting_library_function
    defsig.o(CL$$defsig) refers to defsig_fpe_inner.o(.text) for __rt_SIGFPE_inner
    defsig.o(CL$$defsig) refers to defsig_rtmem_inner.o(.text) for __rt_SIGRTMEM_inner
    _get_argv_nomalloc.o(.text) refers (Special) to hrguard.o(.text) for __heap_region$guard
    _get_argv_nomalloc.o(.text) refers to defsig_rtmem_outer.o(.text) for __rt_SIGRTMEM
    _get_argv_nomalloc.o(.text) refers to sys_command.o(.text) for _sys_command_string
    libshutdown.o(.ARM.Collect$$libshutdown$$00000000) refers (Special) to libshutdown2.o(.ARM.Collect$$libshutdown$$00000006) for __rt_lib_shutdown_fp_trap_1
    libshutdown.o(.ARM.Collect$$libshutdown$$00000000) refers (Special) to libshutdown2.o(.ARM.Collect$$libshutdown$$0000000E) for __rt_lib_shutdown_heap_1
    libshutdown.o(.ARM.Collect$$libshutdown$$00000000) refers (Special) to libshutdown2.o(.ARM.Collect$$libshutdown$$0000000F) for __rt_lib_shutdown_return
    libshutdown.o(.ARM.Collect$$libshutdown$$00000000) refers (Special) to libshutdown2.o(.ARM.Collect$$libshutdown$$00000009) for __rt_lib_shutdown_signal_1
    libshutdown.o(.ARM.Collect$$libshutdown$$00000000) refers (Special) to libshutdown2.o(.ARM.Collect$$libshutdown$$00000003) for __rt_lib_shutdown_stdio_1
    libshutdown.o(.ARM.Collect$$libshutdown$$00000000) refers (Special) to libshutdown2.o(.ARM.Collect$$libshutdown$$0000000B) for __rt_lib_shutdown_user_alloc_1
    sys_command.o(.text) refers (Special) to use_no_semi.o(.text) for __I$use$semihosting
    sys_command.o(.text) refers (Special) to indicate_semi.o(.text) for __semihosting_library_function
    defsig_abrt_inner.o(.text) refers to defsig_general.o(.text) for __default_signal_display
    defsig_rtred_inner.o(.text) refers to defsig_general.o(.text) for __default_signal_display
    defsig_rtmem_inner.o(.text) refers to defsig_general.o(.text) for __default_signal_display
    defsig_rtmem_outer.o(.text) refers to defsig_rtmem_inner.o(.text) for __rt_SIGRTMEM_inner
    defsig_rtmem_outer.o(.text) refers to defsig_exit.o(.text) for __sig_exit
    defsig_rtmem_formal.o(.text) refers to rt_raise.o(.text) for __rt_raise
    defsig_stak_inner.o(.text) refers to defsig_general.o(.text) for __default_signal_display
    defsig_pvfn_inner.o(.text) refers to defsig_general.o(.text) for __default_signal_display
    defsig_cppl_inner.o(.text) refers to defsig_general.o(.text) for __default_signal_display
    defsig_segv_inner.o(.text) refers to defsig_general.o(.text) for __default_signal_display
    defsig_other.o(.text) refers to defsig_general.o(.text) for __default_signal_display


==============================================================================

Removing Unused input sections from the image.

    Removing system_nrf51.o(.rev16_text), (4 bytes).
    Removing system_nrf51.o(.revsh_text), (4 bytes).
    Removing main.o(.rev16_text), (4 bytes).
    Removing main.o(.revsh_text), (4 bytes).
    Removing battery.o(.rev16_text), (4 bytes).
    Removing battery.o(.revsh_text), (4 bytes).
    Removing ble_error_log.o(.rev16_text), (4 bytes).
    Removing ble_error_log.o(.revsh_text), (4 bytes).
    Removing ble_error_log.o(.text), (96 bytes).
    Removing ble_error_log.o(.bss), (392 bytes).
    Removing pstorage.o(.rev16_text), (4 bytes).
    Removing pstorage.o(.revsh_text), (4 bytes).
    Removing crc16.o(.text), (68 bytes).
    Removing app_scheduler.o(.rev16_text), (4 bytes).
    Removing app_scheduler.o(.revsh_text), (4 bytes).
    Removing app_timer.o(.rev16_text), (4 bytes).
    Removing app_timer.o(.revsh_text), (4 bytes).
    Removing softdevice_handler.o(.rev16_text), (4 bytes).
    Removing softdevice_handler.o(.revsh_text), (4 bytes).
    Removing app_button.o(.rev16_text), (4 bytes).
    Removing app_button.o(.revsh_text), (4 bytes).
    Removing app_gpiote.o(.rev16_text), (4 bytes).
    Removing app_gpiote.o(.revsh_text), (4 bytes).
    Removing ble_debug_assert_handler.o(.rev16_text), (4 bytes).
    Removing ble_debug_assert_handler.o(.revsh_text), (4 bytes).
    Removing ble_debug_assert_handler.o(.text), (60 bytes).
    Removing ble_debug_assert_handler.o(.bss), (128 bytes).
    Removing ble_debug_assert_handler.o(.data), (8 bytes).

28 unused section(s) (total 840 bytes) removed from the image.

==============================================================================

Image Symbol Table

    Local Symbols

    Symbol Name                              Value     Ov Type        Size  Object(Section)

    ../clib/angel/boardlib.s                 0x00000000   Number         0  boardinit3.o ABSOLUTE
    ../clib/angel/boardlib.s                 0x00000000   Number         0  boardshut.o ABSOLUTE
    ../clib/angel/boardlib.s                 0x00000000   Number         0  boardinit2.o ABSOLUTE
    ../clib/angel/boardlib.s                 0x00000000   Number         0  boardinit1.o ABSOLUTE
    ../clib/angel/handlers.s                 0x00000000   Number         0  __scatter_zi.o ABSOLUTE
    ../clib/angel/handlers.s                 0x00000000   Number         0  __scatter_copy.o ABSOLUTE
    ../clib/angel/kernel.s                   0x00000000   Number         0  rtentry4.o ABSOLUTE
    ../clib/angel/kernel.s                   0x00000000   Number         0  rtentry.o ABSOLUTE
    ../clib/angel/kernel.s                   0x00000000   Number         0  rtexit2.o ABSOLUTE
    ../clib/angel/kernel.s                   0x00000000   Number         0  rtexit.o ABSOLUTE
    ../clib/angel/kernel.s                   0x00000000   Number         0  rtentry2.o ABSOLUTE
    ../clib/angel/rt.s                       0x00000000   Number         0  rt_div0.o ABSOLUTE
    ../clib/angel/rt.s                       0x00000000   Number         0  aeabi_idiv0_sigfpe.o ABSOLUTE
    ../clib/angel/rt.s                       0x00000000   Number         0  aeabi_idiv0.o ABSOLUTE
    ../clib/angel/rt.s                       0x00000000   Number         0  rt_raise.o ABSOLUTE
    ../clib/angel/scatterp.s                 0x00000000   Number         0  __scatter.o ABSOLUTE
    ../clib/angel/startup.s                  0x00000000   Number         0  __main.o ABSOLUTE
    ../clib/angel/sys.s                      0x00000000   Number         0  indicate_semi.o ABSOLUTE
    ../clib/angel/sys.s                      0x00000000   Number         0  sys_stackheap_outer.o ABSOLUTE
    ../clib/angel/sys.s                      0x00000000   Number         0  use_no_semi.o ABSOLUTE
    ../clib/angel/sys.s                      0x00000000   Number         0  tempstk.o ABSOLUTE
    ../clib/angel/sys.s                      0x00000000   Number         0  libspace.o ABSOLUTE
    ../clib/angel/sysapp.c                   0x00000000   Number         0  sys_wrch.o ABSOLUTE
    ../clib/angel/sysapp.c                   0x00000000   Number         0  sys_command.o ABSOLUTE
    ../clib/angel/sysapp.c                   0x00000000   Number         0  sys_exit.o ABSOLUTE
    ../clib/armsys.c                         0x00000000   Number         0  no_argv.o ABSOLUTE
    ../clib/armsys.c                         0x00000000   Number         0  _get_argv_nomalloc.o ABSOLUTE
    ../clib/armsys.c                         0x00000000   Number         0  argv_veneer.o ABSOLUTE
    ../clib/division.s                       0x00000000   Number         0  aeabi_sdiv_div0.o ABSOLUTE
    ../clib/division.s                       0x00000000   Number         0  aeabi_sdiv.o ABSOLUTE
    ../clib/heapalloc.c                      0x00000000   Number         0  hrguard.o ABSOLUTE
    ../clib/heapaux.c                        0x00000000   Number         0  heapauxi.o ABSOLUTE
    ../clib/libinit.s                        0x00000000   Number         0  libshutdown.o ABSOLUTE
    ../clib/libinit.s                        0x00000000   Number         0  libinit2.o ABSOLUTE
    ../clib/libinit.s                        0x00000000   Number         0  libinit.o ABSOLUTE
    ../clib/libinit.s                        0x00000000   Number         0  libshutdown2.o ABSOLUTE
    ../clib/memcpset.c                       0x00000000   Number         0  rt_memclr.o ABSOLUTE
    ../clib/memcpset.c                       0x00000000   Number         0  rt_memcpy.o ABSOLUTE
    ../clib/memcpset.c                       0x00000000   Number         0  rt_memcpy.o ABSOLUTE
    ../clib/signal.c                         0x00000000   Number         0  defsig_rtred_inner.o ABSOLUTE
    ../clib/signal.c                         0x00000000   Number         0  defsig_abrt_inner.o ABSOLUTE
    ../clib/signal.c                         0x00000000   Number         0  defsig_fpe_outer.o ABSOLUTE
    ../clib/signal.c                         0x00000000   Number         0  defsig_fpe_formal.o ABSOLUTE
    ../clib/signal.c                         0x00000000   Number         0  defsig_fpe_inner.o ABSOLUTE
    ../clib/signal.c                         0x00000000   Number         0  defsig_rtmem_formal.o ABSOLUTE
    ../clib/signal.c                         0x00000000   Number         0  defsig_rtmem_outer.o ABSOLUTE
    ../clib/signal.c                         0x00000000   Number         0  defsig_general.o ABSOLUTE
    ../clib/signal.c                         0x00000000   Number         0  __raise.o ABSOLUTE
    ../clib/signal.c                         0x00000000   Number         0  defsig_rtmem_inner.o ABSOLUTE
    ../clib/signal.c                         0x00000000   Number         0  defsig_other.o ABSOLUTE
    ../clib/signal.c                         0x00000000   Number         0  defsig_segv_inner.o ABSOLUTE
    ../clib/signal.c                         0x00000000   Number         0  defsig_cppl_inner.o ABSOLUTE
    ../clib/signal.c                         0x00000000   Number         0  defsig_pvfn_inner.o ABSOLUTE
    ../clib/signal.c                         0x00000000   Number         0  defsig_exit.o ABSOLUTE
    ../clib/signal.c                         0x00000000   Number         0  defsig_stak_inner.o ABSOLUTE
    ../clib/signal.s                         0x00000000   Number         0  defsig.o ABSOLUTE
    ../clib/stdlib.c                         0x00000000   Number         0  exit.o ABSOLUTE
    ../clib/string.c                         0x00000000   Number         0  strlen.o ABSOLUTE
    ../clib/string.c                         0x00000000   Number         0  strncpy.o ABSOLUTE
    ../fplib/cfplib/fpinit.c                 0x00000000   Number         0  fpinit.o ABSOLUTE
    ..\\lib\\nrf51822\\Source\\app_common\\app_button.c 0x00000000   Number         0  app_button.o ABSOLUTE
    ..\\lib\\nrf51822\\Source\\app_common\\app_gpiote.c 0x00000000   Number         0  app_gpiote.o ABSOLUTE
    ..\\lib\\nrf51822\\Source\\app_common\\app_scheduler.c 0x00000000   Number         0  app_scheduler.o ABSOLUTE
    ..\\lib\\nrf51822\\Source\\app_common\\app_timer.c 0x00000000   Number         0  app_timer.o ABSOLUTE
    ..\\lib\\nrf51822\\Source\\app_common\\pstorage.c 0x00000000   Number         0  pstorage.o ABSOLUTE
    ..\\lib\\nrf51822\\Source\\ble\\ble_debug_assert_handler.c 0x00000000   Number         0  ble_debug_assert_handler.o ABSOLUTE
    ..\\lib\\nrf51822\\Source\\ble\\ble_error_log.c 0x00000000   Number         0  ble_error_log.o ABSOLUTE
    ..\\lib\\nrf51822\\Source\\sd_common\\softdevice_handler.c 0x00000000   Number         0  softdevice_handler.o ABSOLUTE
    ..\\src\\battery.c                       0x00000000   Number         0  battery.o ABSOLUTE
    ..\\src\\main.c                          0x00000000   Number         0  main.o ABSOLUTE
    ..\lib\nrf51822\Source\app_common\app_button.c 0x00000000   Number         0  app_button.o ABSOLUTE
    ..\lib\nrf51822\Source\app_common\app_gpiote.c 0x00000000   Number         0  app_gpiote.o ABSOLUTE
    ..\lib\nrf51822\Source\app_common\app_scheduler.c 0x00000000   Number         0  app_scheduler.o ABSOLUTE
    ..\lib\nrf51822\Source\app_common\app_timer.c 0x00000000   Number         0  app_timer.o ABSOLUTE
    ..\lib\nrf51822\Source\app_common\crc16.c 0x00000000   Number         0  crc16.o ABSOLUTE
    ..\lib\nrf51822\Source\app_common\pstorage.c 0x00000000   Number         0  pstorage.o ABSOLUTE
    ..\lib\nrf51822\Source\ble\ble_advdata.c 0x00000000   Number         0  ble_advdata.o ABSOLUTE
    ..\lib\nrf51822\Source\ble\ble_conn_params.c 0x00000000   Number         0  ble_conn_params.o ABSOLUTE
    ..\lib\nrf51822\Source\ble\ble_debug_assert_handler.c 0x00000000   Number         0  ble_debug_assert_handler.o ABSOLUTE
    ..\lib\nrf51822\Source\ble\ble_error_log.c 0x00000000   Number         0  ble_error_log.o ABSOLUTE
    ..\lib\nrf51822\Source\ble\ble_services\ble_bas.c 0x00000000   Number         0  ble_bas.o ABSOLUTE
    ..\lib\nrf51822\Source\ble\ble_services\ble_srv_common.c 0x00000000   Number         0  ble_srv_common.o ABSOLUTE
    ..\lib\nrf51822\Source\sd_common\softdevice_handler.c 0x00000000   Number         0  softdevice_handler.o ABSOLUTE
    ..\src\battery.c                         0x00000000   Number         0  battery.o ABSOLUTE
    ..\src\main.c                            0x00000000   Number         0  main.o ABSOLUTE
    RTE\Device\nRF51822_xxAB\arm_startup_nrf51.s 0x00000000   Number         0  arm_startup_nrf51.o ABSOLUTE
    RTE\Device\nRF51822_xxAB\system_nrf51.c  0x00000000   Number         0  system_nrf51.o ABSOLUTE
    RTE\\Device\\nRF51822_xxAB\\system_nrf51.c 0x00000000   Number         0  system_nrf51.o ABSOLUTE
    dc.s                                     0x00000000   Number         0  dc.o ABSOLUTE
    RESET                                    0x00016000   Section      192  arm_startup_nrf51.o(RESET)
    !!!main                                  0x000160c0   Section        8  __main.o(!!!main)
    !!!scatter                               0x000160c8   Section       60  __scatter.o(!!!scatter)
    !!handler_copy                           0x00016104   Section       26  __scatter_copy.o(!!handler_copy)
    !!handler_zi                             0x00016120   Section       28  __scatter_zi.o(!!handler_zi)
    .ARM.Collect$$libinit$$00000000          0x0001613c   Section        2  libinit.o(.ARM.Collect$$libinit$$00000000)
    .ARM.Collect$$libinit$$00000001          0x0001613e   Section        4  libinit2.o(.ARM.Collect$$libinit$$00000001)
    .ARM.Collect$$libinit$$00000008          0x00016142   Section        0  libinit2.o(.ARM.Collect$$libinit$$00000008)
    .ARM.Collect$$libinit$$0000000A          0x00016142   Section        0  libinit2.o(.ARM.Collect$$libinit$$0000000A)
    .ARM.Collect$$libinit$$0000000C          0x00016142   Section        0  libinit2.o(.ARM.Collect$$libinit$$0000000C)
    .ARM.Collect$$libinit$$0000000F          0x00016142   Section        0  libinit2.o(.ARM.Collect$$libinit$$0000000F)
    .ARM.Collect$$libinit$$00000011          0x00016142   Section        0  libinit2.o(.ARM.Collect$$libinit$$00000011)
    .ARM.Collect$$libinit$$00000013          0x00016142   Section        0  libinit2.o(.ARM.Collect$$libinit$$00000013)
    .ARM.Collect$$libinit$$00000015          0x00016142   Section        0  libinit2.o(.ARM.Collect$$libinit$$00000015)
    .ARM.Collect$$libinit$$00000017          0x00016142   Section        0  libinit2.o(.ARM.Collect$$libinit$$00000017)
    .ARM.Collect$$libinit$$00000019          0x00016142   Section        0  libinit2.o(.ARM.Collect$$libinit$$00000019)
    .ARM.Collect$$libinit$$0000001B          0x00016142   Section        0  libinit2.o(.ARM.Collect$$libinit$$0000001B)
    .ARM.Collect$$libinit$$0000001D          0x00016142   Section        0  libinit2.o(.ARM.Collect$$libinit$$0000001D)
    .ARM.Collect$$libinit$$0000001F          0x00016142   Section        0  libinit2.o(.ARM.Collect$$libinit$$0000001F)
    .ARM.Collect$$libinit$$00000021          0x00016142   Section        0  libinit2.o(.ARM.Collect$$libinit$$00000021)
    .ARM.Collect$$libinit$$00000023          0x00016142   Section        0  libinit2.o(.ARM.Collect$$libinit$$00000023)
    .ARM.Collect$$libinit$$0000002A          0x00016142   Section        0  libinit2.o(.ARM.Collect$$libinit$$0000002A)
    .ARM.Collect$$libinit$$0000002C          0x00016142   Section        0  libinit2.o(.ARM.Collect$$libinit$$0000002C)
    .ARM.Collect$$libinit$$0000002E          0x00016142   Section        0  libinit2.o(.ARM.Collect$$libinit$$0000002E)
    .ARM.Collect$$libinit$$00000030          0x00016142   Section        0  libinit2.o(.ARM.Collect$$libinit$$00000030)
    .ARM.Collect$$libinit$$00000031          0x00016142   Section        2  libinit2.o(.ARM.Collect$$libinit$$00000031)
    .ARM.Collect$$libshutdown$$00000000      0x00016144   Section        2  libshutdown.o(.ARM.Collect$$libshutdown$$00000000)
    .ARM.Collect$$libshutdown$$00000003      0x00016146   Section        0  libshutdown2.o(.ARM.Collect$$libshutdown$$00000003)
    .ARM.Collect$$libshutdown$$00000006      0x00016146   Section        0  libshutdown2.o(.ARM.Collect$$libshutdown$$00000006)
    .ARM.Collect$$libshutdown$$00000009      0x00016146   Section        0  libshutdown2.o(.ARM.Collect$$libshutdown$$00000009)
    .ARM.Collect$$libshutdown$$0000000B      0x00016146   Section        0  libshutdown2.o(.ARM.Collect$$libshutdown$$0000000B)
    .ARM.Collect$$libshutdown$$0000000E      0x00016146   Section        0  libshutdown2.o(.ARM.Collect$$libshutdown$$0000000E)
    .ARM.Collect$$libshutdown$$0000000F      0x00016146   Section        2  libshutdown2.o(.ARM.Collect$$libshutdown$$0000000F)
    .ARM.Collect$$rtentry$$00000000          0x00016148   Section        0  rtentry.o(.ARM.Collect$$rtentry$$00000000)
    .ARM.Collect$$rtentry$$00000002          0x00016148   Section        0  rtentry2.o(.ARM.Collect$$rtentry$$00000002)
    .ARM.Collect$$rtentry$$00000004          0x00016148   Section        6  rtentry4.o(.ARM.Collect$$rtentry$$00000004)
    .ARM.Collect$$rtentry$$00000009          0x0001614e   Section        0  rtentry2.o(.ARM.Collect$$rtentry$$00000009)
    .ARM.Collect$$rtentry$$0000000A          0x0001614e   Section        4  rtentry2.o(.ARM.Collect$$rtentry$$0000000A)
    .ARM.Collect$$rtentry$$0000000C          0x00016152   Section        0  rtentry2.o(.ARM.Collect$$rtentry$$0000000C)
    .ARM.Collect$$rtentry$$0000000D          0x00016152   Section        8  rtentry2.o(.ARM.Collect$$rtentry$$0000000D)
    .ARM.Collect$$rtexit$$00000000           0x0001615a   Section        2  rtexit.o(.ARM.Collect$$rtexit$$00000000)
    .ARM.Collect$$rtexit$$00000002           0x0001615c   Section        0  rtexit2.o(.ARM.Collect$$rtexit$$00000002)
    .ARM.Collect$$rtexit$$00000003           0x0001615c   Section        4  rtexit2.o(.ARM.Collect$$rtexit$$00000003)
    .ARM.Collect$$rtexit$$00000004           0x00016160   Section        6  rtexit2.o(.ARM.Collect$$rtexit$$00000004)
    .emb_text                                0x00016168   Section       30  app_timer.o(.emb_text)
    .emb_text                                0x00016188   Section       56  rt_memcpy.o(.emb_text)
    .text                                    0x000161c0   Section       84  arm_startup_nrf51.o(.text)
    .text                                    0x00016214   Section        0  system_nrf51.o(.text)
    is_disabled_in_debug_needed              0x0001621d   Thumb Code    52  system_nrf51.o(.text)
    is_manual_peripheral_setup_needed        0x00016251   Thumb Code   104  system_nrf51.o(.text)
    .text                                    0x000162fc   Section        0  main.o(.text)
    service_error_handler                    0x00016327   Thumb Code    14  main.o(.text)
    leds_init                                0x00016335   Thumb Code    22  main.o(.text)
    battery_level_meas_timeout_handler       0x0001634b   Thumb Code    10  main.o(.text)
    timers_init                              0x00016355   Thumb Code    82  main.o(.text)
    gap_params_init                          0x000163a7   Thumb Code   150  main.o(.text)
    advertising_init                         0x0001643d   Thumb Code    84  main.o(.text)
    services_init                            0x00016491   Thumb Code   186  main.o(.text)
    sec_params_init                          0x0001654b   Thumb Code    66  main.o(.text)
    on_conn_params_evt                       0x0001658d   Thumb Code    46  main.o(.text)
    conn_params_error_handler                0x000165bb   Thumb Code    16  main.o(.text)
    conn_params_init                         0x000165cb   Thumb Code    84  main.o(.text)
    timers_start                             0x0001661f   Thumb Code    44  main.o(.text)
    advertising_start                        0x0001664b   Thumb Code    72  main.o(.text)
    on_ble_evt                               0x00016693   Thumb Code   428  main.o(.text)
    ble_evt_dispatch                         0x0001683f   Thumb Code    26  main.o(.text)
    sys_evt_dispatch                         0x00016859   Thumb Code    12  main.o(.text)
    ble_stack_init                           0x00016865   Thumb Code   144  main.o(.text)
    scheduler_init                           0x000168f5   Thumb Code    44  main.o(.text)
    gpiote_init                              0x00016921   Thumb Code    42  main.o(.text)
    buttons_init                             0x0001694b   Thumb Code    46  main.o(.text)
    power_manage                             0x00016979   Thumb Code    32  main.o(.text)
    nrf_gpio_cfg_output                      0x000169d9   Thumb Code    18  main.o(.text)
    nrf_gpio_pin_set                         0x000169eb   Thumb Code    10  main.o(.text)
    nrf_gpio_pin_clear                       0x000169f5   Thumb Code    10  main.o(.text)
    app_timer_evt_schedule                   0x000169ff   Thumb Code    22  main.o(.text)
    app_button_evt_schedule                  0x00016a15   Thumb Code    26  main.o(.text)
    app_timer_evt_get                        0x00016a2f   Thumb Code    48  main.o(.text)
    app_button_evt_get                       0x00016a5f   Thumb Code    48  main.o(.text)
    .text                                    0x00016b34   Section        0  ble_srv_common.o(.text)
    .text                                    0x00016bc0   Section        0  ble_bas.o(.text)
    on_connect                               0x00016bc1   Thumb Code     6  ble_bas.o(.text)
    on_disconnect                            0x00016bc7   Thumb Code     8  ble_bas.o(.text)
    on_write                                 0x00016bcf   Thumb Code    80  ble_bas.o(.text)
    battery_level_char_add                   0x00016c59   Thumb Code   448  ble_bas.o(.text)
    .text                                    0x00016ee0   Section        0  battery.o(.text)
    battery_level_in_percent                 0x00016fd1   Thumb Code   148  battery.o(.text)
    .text                                    0x000170a4   Section        0  pstorage.o(.text)
    cmd_queue_element_init                   0x000170a5   Thumb Code    56  pstorage.o(.text)
    cmd_queue_init                           0x000170dd   Thumb Code    40  pstorage.o(.text)
    swap_state_process                       0x00017105   Thumb Code   578  pstorage.o(.text)
    cmd_process                              0x00017347   Thumb Code   382  pstorage.o(.text)
    cmd_queue_enqueue                        0x000174c5   Thumb Code   138  pstorage.o(.text)
    cmd_queue_dequeue                        0x0001754f   Thumb Code    32  pstorage.o(.text)
    app_notify                               0x0001756f   Thumb Code   100  pstorage.o(.text)
    is_word_aligned                          0x00017d43   Thumb Code    18  pstorage.o(.text)
    .text                                    0x00017d60   Section        0  ble_advdata.o(.text)
    name_encode                              0x00017d61   Thumb Code   150  ble_advdata.o(.text)
    appearance_encode                        0x00017df7   Thumb Code    74  ble_advdata.o(.text)
    uint8_array_encode                       0x00017e41   Thumb Code    82  ble_advdata.o(.text)
    tx_power_level_encode                    0x00017e93   Thumb Code    48  ble_advdata.o(.text)
    uuid_list_sized_encode                   0x00017ec3   Thumb Code   196  ble_advdata.o(.text)
    uuid_list_encode                         0x00017f87   Thumb Code    64  ble_advdata.o(.text)
    conn_int_check                           0x00017fc7   Thumb Code    88  ble_advdata.o(.text)
    conn_int_encode                          0x0001801f   Thumb Code    92  ble_advdata.o(.text)
    manuf_specific_data_encode               0x0001807b   Thumb Code   106  ble_advdata.o(.text)
    service_data_encode                      0x000180e5   Thumb Code   140  ble_advdata.o(.text)
    adv_data_encode                          0x00018171   Thumb Code   302  ble_advdata.o(.text)
    advdata_check                            0x0001829f   Thumb Code    34  ble_advdata.o(.text)
    srdata_check                             0x000182c1   Thumb Code    16  ble_advdata.o(.text)
    uint16_encode                            0x0001834b   Thumb Code    18  ble_advdata.o(.text)
    .text                                    0x00018360   Section        0  app_scheduler.o(.text)
    app_sched_event_get                      0x00018491   Thumb Code    84  app_scheduler.o(.text)
    current_int_priority_get                 0x00018503   Thumb Code    84  app_scheduler.o(.text)
    next_index                               0x00018557   Thumb Code    20  app_scheduler.o(.text)
    .text                                    0x000185c4   Section        0  app_timer.o(.text)
    NVIC_SetPriority                         0x000185c5   Thumb Code   110  app_timer.o(.text)
    rtc1_init                                0x00018633   Thumb Code    18  app_timer.o(.text)
    rtc1_start                               0x00018645   Thumb Code    48  app_timer.o(.text)
    rtc1_stop                                0x00018675   Thumb Code    68  app_timer.o(.text)
    timer_list_insert                        0x000186b9   Thumb Code   212  app_timer.o(.text)
    timer_list_remove                        0x0001878d   Thumb Code   170  app_timer.o(.text)
    timer_timeouts_check_sched               0x00018837   Thumb Code    10  app_timer.o(.text)
    timer_list_handler_sched                 0x00018841   Thumb Code    10  app_timer.o(.text)
    timeout_handler_exec                     0x0001884b   Thumb Code    60  app_timer.o(.text)
    timer_timeouts_check                     0x00018887   Thumb Code   132  app_timer.o(.text)
    elapsed_ticks_acquire                    0x0001890b   Thumb Code    82  app_timer.o(.text)
    list_deletions_handler                   0x0001895d   Thumb Code   284  app_timer.o(.text)
    expired_timers_handler                   0x00018a79   Thumb Code   100  app_timer.o(.text)
    list_insertions_handler                  0x00018add   Thumb Code   264  app_timer.o(.text)
    compare_reg_update                       0x00018be5   Thumb Code   124  app_timer.o(.text)
    timer_list_handler                       0x00018c61   Thumb Code    70  app_timer.o(.text)
    user_op_enque                            0x00018ca7   Thumb Code     4  app_timer.o(.text)
    user_op_alloc                            0x00018cab   Thumb Code    44  app_timer.o(.text)
    timer_start_op_schedule                  0x00018cd7   Thumb Code    80  app_timer.o(.text)
    timer_stop_op_schedule                   0x00018d27   Thumb Code    58  app_timer.o(.text)
    timer_stop_all_op_schedule               0x00018d61   Thumb Code    58  app_timer.o(.text)
    user_id_get                              0x00018f2b   Thumb Code    34  app_timer.o(.text)
    NVIC_EnableIRQ                           0x00019029   Thumb Code    14  app_timer.o(.text)
    NVIC_SetPendingIRQ                       0x00019037   Thumb Code    14  app_timer.o(.text)
    NVIC_ClearPendingIRQ                     0x00019045   Thumb Code    16  app_timer.o(.text)
    current_int_priority_get                 0x00019055   Thumb Code    84  app_timer.o(.text)
    rtc1_counter_get                         0x000190a9   Thumb Code     6  app_timer.o(.text)
    ticks_diff_get                           0x000190af   Thumb Code    10  app_timer.o(.text)
    .text                                    0x000190e8   Section        0  ble_conn_params.o(.text)
    is_conn_params_ok                        0x000190e9   Thumb Code    30  ble_conn_params.o(.text)
    update_timeout_handler                   0x00019107   Thumb Code   136  ble_conn_params.o(.text)
    conn_params_negotiation                  0x000191f5   Thumb Code   126  ble_conn_params.o(.text)
    on_connect                               0x00019273   Thumb Code    42  ble_conn_params.o(.text)
    on_disconnect                            0x0001929d   Thumb Code    50  ble_conn_params.o(.text)
    on_write                                 0x000192cf   Thumb Code    84  ble_conn_params.o(.text)
    on_conn_params_update                    0x00019323   Thumb Code    20  ble_conn_params.o(.text)
    .text                                    0x000193f0   Section        0  softdevice_handler.o(.text)
    .text                                    0x000195c4   Section        0  app_button.o(.text)
    button_handler_execute                   0x000195c5   Thumb Code    82  app_button.o(.text)
    detection_delay_timeout_handler          0x00019617   Thumb Code   144  app_button.o(.text)
    gpiote_event_handler                     0x000196a7   Thumb Code    52  app_button.o(.text)
    .text                                    0x00019870   Section        0  app_gpiote.o(.text)
    sense_level_toggle                       0x00019871   Thumb Code   128  app_gpiote.o(.text)
    pins_sense_disable                       0x0001998f   Thumb Code    98  app_gpiote.o(.text)
    NVIC_SetPriority                         0x00019c47   Thumb Code   110  app_gpiote.o(.text)
    .text                                    0x00019cdc   Section        0  strlen.o(.text)
    .text                                    0x00019d20   Section        0  rt_memcpy.o(.text)
    .text                                    0x00019da2   Section        0  rt_memclr.o(.text)
    .text                                    0x00019de2   Section      346  aeabi_sdiv.o(.text)
    .text                                    0x00019f3c   Section        0  heapauxi.o(.text)
    .text                                    0x00019f42   Section       62  sys_stackheap_outer.o(.text)
    .text                                    0x00019f80   Section        0  exit.o(.text)
    .text                                    0x00019f8c   Section        8  libspace.o(.text)
    .text                                    0x00019f94   Section        0  sys_exit.o(.text)
    .text                                    0x00019fa0   Section        2  use_no_semi.o(.text)
    .text                                    0x00019fa2   Section        0  indicate_semi.o(.text)
    i.__ARM_common_switch8                   0x00019fa2   Section        0  pstorage.o(i.__ARM_common_switch8)
    .constdata                               0x00019fc0   Section        4  main.o(.constdata)
    .data                                    0x20002000   Section        4  system_nrf51.o(.data)
    __tagsym$$used                           0x20002000   Number         0  system_nrf51.o(.data)
    .data                                    0x20002004   Section       20  main.o(.data)
    m_sec_params                             0x20002004   Data           6  main.o(.data)
    m_conn_handle                            0x2000200a   Data           2  main.o(.data)
    m_battery_timer_id                       0x2000200c   Data           4  main.o(.data)
    buttons                                  0x20002010   Data           8  main.o(.data)
    .data                                    0x20002018   Section       12  pstorage.o(.data)
    m_next_app_instance                      0x20002018   Data           2  pstorage.o(.data)
    m_next_page_addr                         0x2000201c   Data           4  pstorage.o(.data)
    m_round_val                              0x20002020   Data           2  pstorage.o(.data)
    m_module_initialized                     0x20002022   Data           1  pstorage.o(.data)
    m_swap_state                             0x20002023   Data           1  pstorage.o(.data)
    .data                                    0x20002024   Section       14  app_scheduler.o(.data)
    m_queue_event_headers                    0x20002024   Data           4  app_scheduler.o(.data)
    m_queue_event_data                       0x20002028   Data           4  app_scheduler.o(.data)
    m_queue_start_index                      0x2000202c   Data           1  app_scheduler.o(.data)
    m_queue_end_index                        0x2000202d   Data           1  app_scheduler.o(.data)
    m_queue_event_size                       0x2000202e   Data           2  app_scheduler.o(.data)
    m_queue_size                             0x20002030   Data           2  app_scheduler.o(.data)
    .data                                    0x20002034   Section       41  app_timer.o(.data)
    m_node_array_size                        0x20002034   Data           1  app_timer.o(.data)
    mp_nodes                                 0x20002038   Data           4  app_timer.o(.data)
    m_user_array_size                        0x2000203c   Data           1  app_timer.o(.data)
    mp_users                                 0x20002040   Data           4  app_timer.o(.data)
    m_timer_id_head                          0x20002044   Data           4  app_timer.o(.data)
    m_ticks_latest                           0x20002048   Data           4  app_timer.o(.data)
    m_ticks_elapsed                          0x2000204c   Data           8  app_timer.o(.data)
    m_ticks_elapsed_q_read_ind               0x20002054   Data           1  app_timer.o(.data)
    m_ticks_elapsed_q_write_ind              0x20002055   Data           1  app_timer.o(.data)
    m_evt_schedule_func                      0x20002058   Data           4  app_timer.o(.data)
    m_rtc1_running                           0x2000205c   Data           1  app_timer.o(.data)
    .data                                    0x20002060   Section       25  ble_conn_params.o(.data)
    m_preferred_conn_params                  0x20002060   Data           8  ble_conn_params.o(.data)
    m_update_count                           0x20002068   Data           1  ble_conn_params.o(.data)
    m_conn_handle                            0x2000206a   Data           2  ble_conn_params.o(.data)
    m_current_conn_params                    0x2000206c   Data           8  ble_conn_params.o(.data)
    m_conn_params_timer_id                   0x20002074   Data           4  ble_conn_params.o(.data)
    m_change_param                           0x20002078   Data           1  ble_conn_params.o(.data)
    .data                                    0x2000207c   Section       20  softdevice_handler.o(.data)
    m_evt_schedule_func                      0x2000207c   Data           4  softdevice_handler.o(.data)
    m_evt_buffer                             0x20002080   Data           4  softdevice_handler.o(.data)
    m_ble_evt_buffer_size                    0x20002084   Data           2  softdevice_handler.o(.data)
    m_softdevice_enabled                     0x20002086   Data           1  softdevice_handler.o(.data)
    m_ble_evt_handler                        0x20002088   Data           4  softdevice_handler.o(.data)
    m_sys_evt_handler                        0x2000208c   Data           4  softdevice_handler.o(.data)
    .data                                    0x20002090   Section       32  app_button.o(.data)
    mp_buttons                               0x20002090   Data           4  app_button.o(.data)
    m_button_count                           0x20002094   Data           1  app_button.o(.data)
    m_detection_delay                        0x20002098   Data           4  app_button.o(.data)
    m_evt_schedule_func                      0x2000209c   Data           4  app_button.o(.data)
    m_gpiote_user_id                         0x200020a0   Data           1  app_button.o(.data)
    m_detection_delay_timer_id               0x200020a4   Data           4  app_button.o(.data)
    m_pin_transition                         0x200020a8   Data           8  app_button.o(.data)
    .data                                    0x200020b0   Section       12  app_gpiote.o(.data)
    m_enabled_users_mask                     0x200020b0   Data           4  app_gpiote.o(.data)
    m_user_array_size                        0x200020b4   Data           1  app_gpiote.o(.data)
    m_user_count                             0x200020b5   Data           1  app_gpiote.o(.data)
    mp_users                                 0x200020b8   Data           4  app_gpiote.o(.data)
    .bss                                     0x200020bc   Section      928  main.o(.bss)
    APP_TIMER_BUF                            0x200020d4   Data         576  main.o(.bss)
    m_auth_status                            0x20002314   Data          50  main.o(.bss)
    EVT_BUFFER                               0x20002348   Data          80  main.o(.bss)
    APP_SCHED_BUF                            0x20002398   Data         176  main.o(.bss)
    app_gpiote_buf                           0x20002448   Data          20  main.o(.bss)
    .bss                                     0x2000245c   Section      636  pstorage.o(.bss)
    m_cmd_queue                              0x2000245c   Data         604  pstorage.o(.bss)
    m_app_table                              0x200026b8   Data          32  pstorage.o(.bss)
    .bss                                     0x200026d8   Section       28  ble_conn_params.o(.bss)
    m_conn_params_config                     0x200026d8   Data          28  ble_conn_params.o(.bss)
    .bss                                     0x200026f4   Section       96  libspace.o(.bss)
    HEAP                                     0x20002758   Section     2048  arm_startup_nrf51.o(HEAP)
    Heap_Mem                                 0x20002758   Data        2048  arm_startup_nrf51.o(HEAP)
    STACK                                    0x20002f58   Section     2048  arm_startup_nrf51.o(STACK)
    Stack_Mem                                0x20002f58   Data        2048  arm_startup_nrf51.o(STACK)
    __initial_sp                             0x20003758   Data           0  arm_startup_nrf51.o(STACK)

    Global Symbols

    Symbol Name                              Value     Ov Type        Size  Object(Section)

    BuildAttributes$$THM_ISAv3M$S$PE$A:L22$X:L11$S22$IEEE1$IW$USESV6$~STKCKD$USESV7$~SHL$OSPACE$ROPI$EBA8$UX$STANDARDLIB$REQ8$PRES8$EABIv2 0x00000000   Number         0  anon$$obj.o ABSOLUTE
    __ARM_use_no_argv                        0x00000000   Number         0  main.o ABSOLUTE
    __ARM_exceptions_init                     - Undefined Weak Reference
    __alloca_initialize                       - Undefined Weak Reference
    __cpp_initialize__aeabi_                  - Undefined Weak Reference
    __cxa_finalize                            - Undefined Weak Reference
    __rt_locale                               - Undefined Weak Reference
    __sigvec_lookup                           - Undefined Weak Reference
    _atexit_init                              - Undefined Weak Reference
    _call_atexit_fns                          - Undefined Weak Reference
    _clock_init                               - Undefined Weak Reference
    _fp_trap_init                             - Undefined Weak Reference
    _fp_trap_shutdown                         - Undefined Weak Reference
    _get_lc_collate                           - Undefined Weak Reference
    _get_lc_ctype                             - Undefined Weak Reference
    _get_lc_monetary                          - Undefined Weak Reference
    _get_lc_numeric                           - Undefined Weak Reference
    _get_lc_time                              - Undefined Weak Reference
    _getenv_init                              - Undefined Weak Reference
    _handle_redirection                       - Undefined Weak Reference
    _init_alloc                               - Undefined Weak Reference
    _init_user_alloc                          - Undefined Weak Reference
    _initio                                   - Undefined Weak Reference
    _rand_init                                - Undefined Weak Reference
    _signal_finish                            - Undefined Weak Reference
    _signal_init                              - Undefined Weak Reference
    _terminate_alloc                          - Undefined Weak Reference
    _terminate_user_alloc                     - Undefined Weak Reference
    _terminateio                              - Undefined Weak Reference
    __Vectors_Size                           0x000000c0   Number         0  arm_startup_nrf51.o ABSOLUTE
    __Vectors                                0x00016000   Data           4  arm_startup_nrf51.o(RESET)
    __Vectors_End                            0x000160c0   Data           0  arm_startup_nrf51.o(RESET)
    __main                                   0x000160c1   Thumb Code     8  __main.o(!!!main)
    __scatterload                            0x000160c9   Thumb Code     0  __scatter.o(!!!scatter)
    __scatterload_rt2                        0x000160c9   Thumb Code    52  __scatter.o(!!!scatter)
    __scatterload_rt2_thumb_only             0x000160c9   Thumb Code     0  __scatter.o(!!!scatter)
    __scatterload_null                       0x000160d9   Thumb Code     0  __scatter.o(!!!scatter)
    __scatterload_copy                       0x00016105   Thumb Code    26  __scatter_copy.o(!!handler_copy)
    __scatterload_zeroinit                   0x00016121   Thumb Code    28  __scatter_zi.o(!!handler_zi)
    __rt_lib_init                            0x0001613d   Thumb Code     0  libinit.o(.ARM.Collect$$libinit$$00000000)
    __rt_lib_init_fp_1                       0x0001613f   Thumb Code     0  libinit2.o(.ARM.Collect$$libinit$$00000001)
    __rt_lib_init_alloca_1                   0x00016143   Thumb Code     0  libinit2.o(.ARM.Collect$$libinit$$0000002C)
    __rt_lib_init_argv_1                     0x00016143   Thumb Code     0  libinit2.o(.ARM.Collect$$libinit$$0000002A)
    __rt_lib_init_atexit_1                   0x00016143   Thumb Code     0  libinit2.o(.ARM.Collect$$libinit$$00000019)
    __rt_lib_init_clock_1                    0x00016143   Thumb Code     0  libinit2.o(.ARM.Collect$$libinit$$0000001F)
    __rt_lib_init_cpp_1                      0x00016143   Thumb Code     0  libinit2.o(.ARM.Collect$$libinit$$00000030)
    __rt_lib_init_exceptions_1               0x00016143   Thumb Code     0  libinit2.o(.ARM.Collect$$libinit$$0000002E)
    __rt_lib_init_fp_trap_1                  0x00016143   Thumb Code     0  libinit2.o(.ARM.Collect$$libinit$$0000001D)
    __rt_lib_init_getenv_1                   0x00016143   Thumb Code     0  libinit2.o(.ARM.Collect$$libinit$$00000021)
    __rt_lib_init_heap_1                     0x00016143   Thumb Code     0  libinit2.o(.ARM.Collect$$libinit$$00000008)
    __rt_lib_init_lc_collate_1               0x00016143   Thumb Code     0  libinit2.o(.ARM.Collect$$libinit$$0000000F)
    __rt_lib_init_lc_ctype_1                 0x00016143   Thumb Code     0  libinit2.o(.ARM.Collect$$libinit$$00000011)
    __rt_lib_init_lc_monetary_1              0x00016143   Thumb Code     0  libinit2.o(.ARM.Collect$$libinit$$00000013)
    __rt_lib_init_lc_numeric_1               0x00016143   Thumb Code     0  libinit2.o(.ARM.Collect$$libinit$$00000015)
    __rt_lib_init_lc_time_1                  0x00016143   Thumb Code     0  libinit2.o(.ARM.Collect$$libinit$$00000017)
    __rt_lib_init_rand_1                     0x00016143   Thumb Code     0  libinit2.o(.ARM.Collect$$libinit$$0000000C)
    __rt_lib_init_return                     0x00016143   Thumb Code     0  libinit2.o(.ARM.Collect$$libinit$$00000031)
    __rt_lib_init_signal_1                   0x00016143   Thumb Code     0  libinit2.o(.ARM.Collect$$libinit$$0000001B)
    __rt_lib_init_stdio_1                    0x00016143   Thumb Code     0  libinit2.o(.ARM.Collect$$libinit$$00000023)
    __rt_lib_init_user_alloc_1               0x00016143   Thumb Code     0  libinit2.o(.ARM.Collect$$libinit$$0000000A)
    __rt_lib_shutdown                        0x00016145   Thumb Code     0  libshutdown.o(.ARM.Collect$$libshutdown$$00000000)
    __rt_lib_shutdown_fp_trap_1              0x00016147   Thumb Code     0  libshutdown2.o(.ARM.Collect$$libshutdown$$00000006)
    __rt_lib_shutdown_heap_1                 0x00016147   Thumb Code     0  libshutdown2.o(.ARM.Collect$$libshutdown$$0000000E)
    __rt_lib_shutdown_return                 0x00016147   Thumb Code     0  libshutdown2.o(.ARM.Collect$$libshutdown$$0000000F)
    __rt_lib_shutdown_signal_1               0x00016147   Thumb Code     0  libshutdown2.o(.ARM.Collect$$libshutdown$$00000009)
    __rt_lib_shutdown_stdio_1                0x00016147   Thumb Code     0  libshutdown2.o(.ARM.Collect$$libshutdown$$00000003)
    __rt_lib_shutdown_user_alloc_1           0x00016147   Thumb Code     0  libshutdown2.o(.ARM.Collect$$libshutdown$$0000000B)
    __rt_entry                               0x00016149   Thumb Code     0  rtentry.o(.ARM.Collect$$rtentry$$00000000)
    __rt_entry_presh_1                       0x00016149   Thumb Code     0  rtentry2.o(.ARM.Collect$$rtentry$$00000002)
    __rt_entry_sh                            0x00016149   Thumb Code     0  rtentry4.o(.ARM.Collect$$rtentry$$00000004)
    __rt_entry_li                            0x0001614f   Thumb Code     0  rtentry2.o(.ARM.Collect$$rtentry$$0000000A)
    __rt_entry_postsh_1                      0x0001614f   Thumb Code     0  rtentry2.o(.ARM.Collect$$rtentry$$00000009)
    __rt_entry_main                          0x00016153   Thumb Code     0  rtentry2.o(.ARM.Collect$$rtentry$$0000000D)
    __rt_entry_postli_1                      0x00016153   Thumb Code     0  rtentry2.o(.ARM.Collect$$rtentry$$0000000C)
    __rt_exit                                0x0001615b   Thumb Code     0  rtexit.o(.ARM.Collect$$rtexit$$00000000)
    __rt_exit_ls                             0x0001615d   Thumb Code     0  rtexit2.o(.ARM.Collect$$rtexit$$00000003)
    __rt_exit_prels_1                        0x0001615d   Thumb Code     0  rtexit2.o(.ARM.Collect$$rtexit$$00000002)
    __rt_exit_exit                           0x00016161   Thumb Code     0  rtexit2.o(.ARM.Collect$$rtexit$$00000004)
    __asm___11_app_timer_c_cd27f9c3__nrf_delay_us 0x00016169   Thumb Code    30  app_timer.o(.emb_text)
    __aeabi_memcpy4                          0x00016189   Thumb Code    56  rt_memcpy.o(.emb_text)
    __aeabi_memcpy8                          0x00016189   Thumb Code     0  rt_memcpy.o(.emb_text)
    Reset_Handler                            0x000161c1   Thumb Code    26  arm_startup_nrf51.o(.text)
    NMI_Handler                              0x000161db   Thumb Code     2  arm_startup_nrf51.o(.text)
    HardFault_Handler                        0x000161dd   Thumb Code     2  arm_startup_nrf51.o(.text)
    SVC_Handler                              0x000161df   Thumb Code     2  arm_startup_nrf51.o(.text)
    PendSV_Handler                           0x000161e1   Thumb Code     2  arm_startup_nrf51.o(.text)
    SysTick_Handler                          0x000161e3   Thumb Code     2  arm_startup_nrf51.o(.text)
    CCM_AAR_IRQHandler                       0x000161e5   Thumb Code     0  arm_startup_nrf51.o(.text)
    ECB_IRQHandler                           0x000161e5   Thumb Code     0  arm_startup_nrf51.o(.text)
    LPCOMP_IRQHandler                        0x000161e5   Thumb Code     0  arm_startup_nrf51.o(.text)
    POWER_CLOCK_IRQHandler                   0x000161e5   Thumb Code     0  arm_startup_nrf51.o(.text)
    QDEC_IRQHandler                          0x000161e5   Thumb Code     0  arm_startup_nrf51.o(.text)
    RADIO_IRQHandler                         0x000161e5   Thumb Code     0  arm_startup_nrf51.o(.text)
    RNG_IRQHandler                           0x000161e5   Thumb Code     0  arm_startup_nrf51.o(.text)
    RTC0_IRQHandler                          0x000161e5   Thumb Code     0  arm_startup_nrf51.o(.text)
    SPI0_TWI0_IRQHandler                     0x000161e5   Thumb Code     0  arm_startup_nrf51.o(.text)
    SPI1_TWI1_IRQHandler                     0x000161e5   Thumb Code     0  arm_startup_nrf51.o(.text)
    SWI1_IRQHandler                          0x000161e5   Thumb Code     0  arm_startup_nrf51.o(.text)
    SWI3_IRQHandler                          0x000161e5   Thumb Code     0  arm_startup_nrf51.o(.text)
    SWI4_IRQHandler                          0x000161e5   Thumb Code     0  arm_startup_nrf51.o(.text)
    SWI5_IRQHandler                          0x000161e5   Thumb Code     0  arm_startup_nrf51.o(.text)
    TEMP_IRQHandler                          0x000161e5   Thumb Code     0  arm_startup_nrf51.o(.text)
    TIMER0_IRQHandler                        0x000161e5   Thumb Code     0  arm_startup_nrf51.o(.text)
    TIMER1_IRQHandler                        0x000161e5   Thumb Code     0  arm_startup_nrf51.o(.text)
    TIMER2_IRQHandler                        0x000161e5   Thumb Code     0  arm_startup_nrf51.o(.text)
    UART0_IRQHandler                         0x000161e5   Thumb Code     0  arm_startup_nrf51.o(.text)
    WDT_IRQHandler                           0x000161e5   Thumb Code     0  arm_startup_nrf51.o(.text)
    __user_initial_stackheap                 0x000161e9   Thumb Code     0  arm_startup_nrf51.o(.text)
    SystemCoreClockUpdate                    0x00016215   Thumb Code     8  system_nrf51.o(.text)
    SystemInit                               0x000162b9   Thumb Code    38  system_nrf51.o(.text)
    app_error_handler                        0x000162fd   Thumb Code    28  main.o(.text)
    assert_nrf_callback                      0x00016319   Thumb Code    14  main.o(.text)
    main                                     0x00016999   Thumb Code    64  main.o(.text)
    ble_srv_report_ref_encode                0x00016b35   Thumb Code    60  ble_srv_common.o(.text)
    ble_srv_ascii_to_utf8                    0x00016b71   Thumb Code    18  ble_srv_common.o(.text)
    ble_bas_on_ble_evt                       0x00016c1f   Thumb Code    58  ble_bas.o(.text)
    ble_bas_init                             0x00016e19   Thumb Code    66  ble_bas.o(.text)
    ble_bas_battery_level_update             0x00016e5b   Thumb Code   118  ble_bas.o(.text)
    ADC_IRQHandler                           0x00016ee1   Thumb Code   108  battery.o(.text)
    battery_start                            0x00016f4d   Thumb Code   132  battery.o(.text)
    pstorage_sys_event_handler               0x000175d3   Thumb Code   326  pstorage.o(.text)
    pstorage_init                            0x00017719   Thumb Code   196  pstorage.o(.text)
    pstorage_register                        0x000177dd   Thumb Code   396  pstorage.o(.text)
    pstorage_block_identifier_get            0x00017969   Thumb Code   136  pstorage.o(.text)
    pstorage_store                           0x000179f1   Thumb Code   202  pstorage.o(.text)
    pstorage_update                          0x00017abb   Thumb Code   202  pstorage.o(.text)
    pstorage_load                            0x00017b85   Thumb Code   226  pstorage.o(.text)
    pstorage_clear                           0x00017c67   Thumb Code   184  pstorage.o(.text)
    pstorage_access_status_get               0x00017d1f   Thumb Code    36  pstorage.o(.text)
    ble_advdata_set                          0x000182d1   Thumb Code   122  ble_advdata.o(.text)
    app_sched_init                           0x00018361   Thumb Code    66  app_scheduler.o(.text)
    app_sched_event_put                      0x000183a3   Thumb Code   238  app_scheduler.o(.text)
    app_sched_execute                        0x000184e5   Thumb Code    30  app_scheduler.o(.text)
    RTC1_IRQHandler                          0x00018d9b   Thumb Code    34  app_timer.o(.text)
    SWI0_IRQHandler                          0x00018dbd   Thumb Code     8  app_timer.o(.text)
    app_timer_init                           0x00018dc5   Thumb Code   250  app_timer.o(.text)
    app_timer_create                         0x00018ebf   Thumb Code   108  app_timer.o(.text)
    app_timer_start                          0x00018f4d   Thumb Code    98  app_timer.o(.text)
    app_timer_stop                           0x00018faf   Thumb Code    60  app_timer.o(.text)
    app_timer_stop_all                       0x00018feb   Thumb Code    26  app_timer.o(.text)
    app_timer_cnt_get                        0x00019005   Thumb Code    14  app_timer.o(.text)
    app_timer_cnt_diff_compute               0x00019013   Thumb Code    22  app_timer.o(.text)
    ble_conn_params_init                     0x0001918f   Thumb Code    90  ble_conn_params.o(.text)
    ble_conn_params_stop                     0x000191e9   Thumb Code    12  ble_conn_params.o(.text)
    ble_conn_params_on_ble_evt               0x00019337   Thumb Code    62  ble_conn_params.o(.text)
    ble_conn_params_change_conn_params       0x00019375   Thumb Code    86  ble_conn_params.o(.text)
    softdevice_assertion_handler             0x000193f1   Thumb Code    18  softdevice_handler.o(.text)
    intern_softdevice_events_execute         0x00019403   Thumb Code   168  softdevice_handler.o(.text)
    softdevice_handler_init                  0x000194ab   Thumb Code    84  softdevice_handler.o(.text)
    softdevice_handler_sd_disable            0x000194ff   Thumb Code    24  softdevice_handler.o(.text)
    softdevice_ble_evt_handler_set           0x00019517   Thumb Code    18  softdevice_handler.o(.text)
    softdevice_sys_evt_handler_set           0x00019529   Thumb Code    18  softdevice_handler.o(.text)
    SWI2_IRQHandler                          0x0001953b   Thumb Code    52  softdevice_handler.o(.text)
    app_button_init                          0x000196db   Thumb Code   132  app_button.o(.text)
    app_button_enable                        0x0001975f   Thumb Code    24  app_button.o(.text)
    app_button_disable                       0x00019777   Thumb Code    42  app_button.o(.text)
    app_button_is_pushed                     0x000197a1   Thumb Code   124  app_button.o(.text)
    GPIOTE_IRQHandler                        0x000198f1   Thumb Code   158  app_gpiote.o(.text)
    app_gpiote_init                          0x000199f1   Thumb Code   116  app_gpiote.o(.text)
    app_gpiote_user_register                 0x00019a65   Thumb Code   138  app_gpiote.o(.text)
    app_gpiote_user_enable                   0x00019aef   Thumb Code   226  app_gpiote.o(.text)
    app_gpiote_user_disable                  0x00019bd1   Thumb Code    66  app_gpiote.o(.text)
    app_gpiote_pins_state_get                0x00019c13   Thumb Code    52  app_gpiote.o(.text)
    strlen                                   0x00019cdd   Thumb Code    62  strlen.o(.text)
    __aeabi_memcpy                           0x00019d21   Thumb Code   130  rt_memcpy.o(.text)
    __rt_memcpy                              0x00019d21   Thumb Code     0  rt_memcpy.o(.text)
    _memset_w                                0x00019da3   Thumb Code    26  rt_memclr.o(.text)
    _memset                                  0x00019dbd   Thumb Code    30  rt_memclr.o(.text)
    __aeabi_memclr                           0x00019ddb   Thumb Code     4  rt_memclr.o(.text)
    __rt_memclr                              0x00019ddb   Thumb Code     0  rt_memclr.o(.text)
    __aeabi_memclr4                          0x00019ddf   Thumb Code     0  rt_memclr.o(.text)
    __aeabi_memclr8                          0x00019ddf   Thumb Code     0  rt_memclr.o(.text)
    __rt_memclr_w                            0x00019ddf   Thumb Code     4  rt_memclr.o(.text)
    __aeabi_uidiv                            0x00019de3   Thumb Code     0  aeabi_sdiv.o(.text)
    __aeabi_uidivmod                         0x00019de3   Thumb Code    20  aeabi_sdiv.o(.text)
    __aeabi_idiv                             0x00019df7   Thumb Code     0  aeabi_sdiv.o(.text)
    __aeabi_idivmod                          0x00019df7   Thumb Code   326  aeabi_sdiv.o(.text)
    __use_two_region_memory                  0x00019f3d   Thumb Code     2  heapauxi.o(.text)
    __rt_heap_escrow$2region                 0x00019f3f   Thumb Code     2  heapauxi.o(.text)
    __rt_heap_expand$2region                 0x00019f41   Thumb Code     2  heapauxi.o(.text)
    __user_setup_stackheap                   0x00019f43   Thumb Code    62  sys_stackheap_outer.o(.text)
    exit                                     0x00019f81   Thumb Code    12  exit.o(.text)
    __user_libspace                          0x00019f8d   Thumb Code     8  libspace.o(.text)
    __user_perproc_libspace                  0x00019f8d   Thumb Code     0  libspace.o(.text)
    __user_perthread_libspace                0x00019f8d   Thumb Code     0  libspace.o(.text)
    _sys_exit                                0x00019f95   Thumb Code     8  sys_exit.o(.text)
    __I$use$semihosting                      0x00019fa1   Thumb Code     0  use_no_semi.o(.text)
    __use_no_semihosting_swi                 0x00019fa1   Thumb Code     2  use_no_semi.o(.text)
    __ARM_common_switch8                     0x00019fa3   Thumb Code    28  pstorage.o(i.__ARM_common_switch8)
    __semihosting_library_function           0x00019fa3   Thumb Code     0  indicate_semi.o(.text)
    Region$$Table$$Base                      0x00019fc4   Number         0  anon$$obj.o(Region$$Table)
    Region$$Table$$Limit                     0x00019fe4   Number         0  anon$$obj.o(Region$$Table)
    SystemCoreClock                          0x20002000   Data           4  system_nrf51.o(.data)
    bas                                      0x200020bc   Data          24  main.o(.bss)
    __libspace_start                         0x200026f4   Data          96  libspace.o(.bss)
    __temporary_stack_top$libspace           0x20002754   Data           0  libspace.o(.bss)



==============================================================================

Memory Map of the image

  Image Entry point : 0x000160c1

  Load Region LR_IROM1 (Base: 0x00016000, Size: 0x000040a0, Max: 0x00009000, ABSOLUTE)

    Execution Region ER_IROM1 (Base: 0x00016000, Size: 0x00003fe4, Max: 0x00009000, ABSOLUTE)

    Base Addr    Size         Type   Attr      Idx    E Section Name        Object

    0x00016000   0x000000c0   Data   RO            3    RESET               arm_startup_nrf51.o
    0x000160c0   0x00000008   Code   RO          706  * !!!main             c_p.l(__main.o)
    0x000160c8   0x0000003c   Code   RO          872    !!!scatter          c_p.l(__scatter.o)
    0x00016104   0x0000001a   Code   RO          874    !!handler_copy      c_p.l(__scatter_copy.o)
    0x0001611e   0x00000002   PAD
    0x00016120   0x0000001c   Code   RO          876    !!handler_zi        c_p.l(__scatter_zi.o)
    0x0001613c   0x00000002   Code   RO          744    .ARM.Collect$$libinit$$00000000  c_p.l(libinit.o)
    0x0001613e   0x00000004   Code   RO          757    .ARM.Collect$$libinit$$00000001  c_p.l(libinit2.o)
    0x00016142   0x00000000   Code   RO          761    .ARM.Collect$$libinit$$00000008  c_p.l(libinit2.o)
    0x00016142   0x00000000   Code   RO          763    .ARM.Collect$$libinit$$0000000A  c_p.l(libinit2.o)
    0x00016142   0x00000000   Code   RO          765    .ARM.Collect$$libinit$$0000000C  c_p.l(libinit2.o)
    0x00016142   0x00000000   Code   RO          768    .ARM.Collect$$libinit$$0000000F  c_p.l(libinit2.o)
    0x00016142   0x00000000   Code   RO          770    .ARM.Collect$$libinit$$00000011  c_p.l(libinit2.o)
    0x00016142   0x00000000   Code   RO          772    .ARM.Collect$$libinit$$00000013  c_p.l(libinit2.o)
    0x00016142   0x00000000   Code   RO          774    .ARM.Collect$$libinit$$00000015  c_p.l(libinit2.o)
    0x00016142   0x00000000   Code   RO          776    .ARM.Collect$$libinit$$00000017  c_p.l(libinit2.o)
    0x00016142   0x00000000   Code   RO          778    .ARM.Collect$$libinit$$00000019  c_p.l(libinit2.o)
    0x00016142   0x00000000   Code   RO          780    .ARM.Collect$$libinit$$0000001B  c_p.l(libinit2.o)
    0x00016142   0x00000000   Code   RO          782    .ARM.Collect$$libinit$$0000001D  c_p.l(libinit2.o)
    0x00016142   0x00000000   Code   RO          784    .ARM.Collect$$libinit$$0000001F  c_p.l(libinit2.o)
    0x00016142   0x00000000   Code   RO          786    .ARM.Collect$$libinit$$00000021  c_p.l(libinit2.o)
    0x00016142   0x00000000   Code   RO          788    .ARM.Collect$$libinit$$00000023  c_p.l(libinit2.o)
    0x00016142   0x00000000   Code   RO          792    .ARM.Collect$$libinit$$0000002A  c_p.l(libinit2.o)
    0x00016142   0x00000000   Code   RO          794    .ARM.Collect$$libinit$$0000002C  c_p.l(libinit2.o)
    0x00016142   0x00000000   Code   RO          796    .ARM.Collect$$libinit$$0000002E  c_p.l(libinit2.o)
    0x00016142   0x00000000   Code   RO          798    .ARM.Collect$$libinit$$00000030  c_p.l(libinit2.o)
    0x00016142   0x00000002   Code   RO          799    .ARM.Collect$$libinit$$00000031  c_p.l(libinit2.o)
    0x00016144   0x00000002   Code   RO          830    .ARM.Collect$$libshutdown$$00000000  c_p.l(libshutdown.o)
    0x00016146   0x00000000   Code   RO          857    .ARM.Collect$$libshutdown$$00000003  c_p.l(libshutdown2.o)
    0x00016146   0x00000000   Code   RO          860    .ARM.Collect$$libshutdown$$00000006  c_p.l(libshutdown2.o)
    0x00016146   0x00000000   Code   RO          863    .ARM.Collect$$libshutdown$$00000009  c_p.l(libshutdown2.o)
    0x00016146   0x00000000   Code   RO          865    .ARM.Collect$$libshutdown$$0000000B  c_p.l(libshutdown2.o)
    0x00016146   0x00000000   Code   RO          868    .ARM.Collect$$libshutdown$$0000000E  c_p.l(libshutdown2.o)
    0x00016146   0x00000002   Code   RO          869    .ARM.Collect$$libshutdown$$0000000F  c_p.l(libshutdown2.o)
    0x00016148   0x00000000   Code   RO          708    .ARM.Collect$$rtentry$$00000000  c_p.l(rtentry.o)
    0x00016148   0x00000000   Code   RO          714    .ARM.Collect$$rtentry$$00000002  c_p.l(rtentry2.o)
    0x00016148   0x00000006   Code   RO          726    .ARM.Collect$$rtentry$$00000004  c_p.l(rtentry4.o)
    0x0001614e   0x00000000   Code   RO          716    .ARM.Collect$$rtentry$$00000009  c_p.l(rtentry2.o)
    0x0001614e   0x00000004   Code   RO          717    .ARM.Collect$$rtentry$$0000000A  c_p.l(rtentry2.o)
    0x00016152   0x00000000   Code   RO          719    .ARM.Collect$$rtentry$$0000000C  c_p.l(rtentry2.o)
    0x00016152   0x00000008   Code   RO          720    .ARM.Collect$$rtentry$$0000000D  c_p.l(rtentry2.o)
    0x0001615a   0x00000002   Code   RO          749    .ARM.Collect$$rtexit$$00000000  c_p.l(rtexit.o)
    0x0001615c   0x00000000   Code   RO          803    .ARM.Collect$$rtexit$$00000002  c_p.l(rtexit2.o)
    0x0001615c   0x00000004   Code   RO          804    .ARM.Collect$$rtexit$$00000003  c_p.l(rtexit2.o)
    0x00016160   0x00000006   Code   RO          805    .ARM.Collect$$rtexit$$00000004  c_p.l(rtexit2.o)
    0x00016166   0x00000002   PAD
    0x00016168   0x0000001e   Code   RO          488    .emb_text           app_timer.o
    0x00016186   0x00000002   PAD
    0x00016188   0x00000038   Code   RO          692    .emb_text           c_p.l(rt_memcpy.o)
    0x000161c0   0x00000054   Code   RO            4    .text               arm_startup_nrf51.o
    0x00016214   0x000000e8   Code   RO           12    .text               system_nrf51.o
    0x000162fc   0x00000838   Code   RO           69    .text               main.o
    0x00016b34   0x0000008c   Code   RO          226    .text               ble_srv_common.o
    0x00016bc0   0x00000320   Code   RO          268    .text               ble_bas.o
    0x00016ee0   0x000001c4   Code   RO          309    .text               battery.o
    0x000170a4   0x00000cbc   Code   RO          371    .text               pstorage.o
    0x00017d60   0x00000600   Code   RO          428    .text               ble_advdata.o
    0x00018360   0x00000264   Code   RO          451    .text               app_scheduler.o
    0x000185c4   0x00000b24   Code   RO          489    .text               app_timer.o
    0x000190e8   0x00000308   Code   RO          533    .text               ble_conn_params.o
    0x000193f0   0x000001d4   Code   RO          563    .text               softdevice_handler.o
    0x000195c4   0x000002ac   Code   RO          597    .text               app_button.o
    0x00019870   0x0000046c   Code   RO          631    .text               app_gpiote.o
    0x00019cdc   0x00000044   Code   RO          690    .text               c_p.l(strlen.o)
    0x00019d20   0x00000082   Code   RO          693    .text               c_p.l(rt_memcpy.o)
    0x00019da2   0x00000040   Code   RO          696    .text               c_p.l(rt_memclr.o)
    0x00019de2   0x0000015a   Code   RO          700    .text               c_p.l(aeabi_sdiv.o)
    0x00019f3c   0x00000006   Code   RO          704    .text               c_p.l(heapauxi.o)
    0x00019f42   0x0000003e   Code   RO          730    .text               c_p.l(sys_stackheap_outer.o)
    0x00019f80   0x0000000c   Code   RO          733    .text               c_p.l(exit.o)
    0x00019f8c   0x00000008   Code   RO          745    .text               c_p.l(libspace.o)
    0x00019f94   0x0000000c   Code   RO          800    .text               c_p.l(sys_exit.o)
    0x00019fa0   0x00000002   Code   RO          819    .text               c_p.l(use_no_semi.o)
    0x00019fa2   0x00000000   Code   RO          821    .text               c_p.l(indicate_semi.o)
    0x00019fa2   0x0000001c   Code   RO          389    i.__ARM_common_switch8  pstorage.o
    0x00019fbe   0x00000002   PAD
    0x00019fc0   0x00000004   Data   RO           71    .constdata          main.o
    0x00019fc4   0x00000020   Data   RO          870    Region$$Table       anon$$obj.o


    Execution Region RW_IRAM1 (Base: 0x20002000, Size: 0x00001758, Max: 0x00002000, ABSOLUTE)

    Base Addr    Size         Type   Attr      Idx    E Section Name        Object

    0x20002000   0x00000004   Data   RW           13    .data               system_nrf51.o
    0x20002004   0x00000014   Data   RW           72    .data               main.o
    0x20002018   0x0000000c   Data   RW          373    .data               pstorage.o
    0x20002024   0x0000000e   Data   RW          452    .data               app_scheduler.o
    0x20002032   0x00000002   PAD
    0x20002034   0x00000029   Data   RW          490    .data               app_timer.o
    0x2000205d   0x00000003   PAD
    0x20002060   0x00000019   Data   RW          535    .data               ble_conn_params.o
    0x20002079   0x00000003   PAD
    0x2000207c   0x00000014   Data   RW          564    .data               softdevice_handler.o
    0x20002090   0x00000020   Data   RW          598    .data               app_button.o
    0x200020b0   0x0000000c   Data   RW          632    .data               app_gpiote.o
    0x200020bc   0x000003a0   Zero   RW           70    .bss                main.o
    0x2000245c   0x0000027c   Zero   RW          372    .bss                pstorage.o
    0x200026d8   0x0000001c   Zero   RW          534    .bss                ble_conn_params.o
    0x200026f4   0x00000060   Zero   RW          746    .bss                c_p.l(libspace.o)
    0x20002754   0x00000004   PAD
    0x20002758   0x00000800   Zero   RW            2    HEAP                arm_startup_nrf51.o
    0x20002f58   0x00000800   Zero   RW            1    STACK               arm_startup_nrf51.o


==============================================================================

Image component sizes


      Code (inc. data)   RO Data    RW Data    ZI Data      Debug   Object Name

       684         84          0         32          0       8432   app_button.o
      1132         40          0         12          0      11570   app_gpiote.o
       612         90          0         14          0      12079   app_scheduler.o
      2882        202          0         41          0      23317   app_timer.o
        84         36        192          0       4096        676   arm_startup_nrf51.o
       452         64          0          0          0       3443   battery.o
      1536          4          0          0          0       9790   ble_advdata.o
       800         16          0          0          0      34039   ble_bas.o
       776         38          0         25         28       7278   ble_conn_params.o
       140         62          0          0          0      20350   ble_srv_common.o
      2104        252          4         20        928      60043   main.o
      3288         94          0         12        636      12058   pstorage.o
       468         86          0         20          0       7156   softdevice_handler.o
       232         30          0          4          0      21313   system_nrf51.o

    ----------------------------------------------------------------------
     15194       1098        228        188       5688     231544   Object Totals
         0          0         32          0          0          0   (incl. Generated)
         4          0          0          8          0          0   (incl. Padding)

    ----------------------------------------------------------------------

      Code (inc. data)   RO Data    RW Data    ZI Data      Debug   Library Member Name

         8          0          0          0          0         68   __main.o
        60          8          0          0          0          0   __scatter.o
        26          0          0          0          0          0   __scatter_copy.o
        28          0          0          0          0          0   __scatter_zi.o
       346          0          0          0          0         92   aeabi_sdiv.o
        12          0          0          0          0         64   exit.o
         6          0          0          0          0        136   heapauxi.o
         0          0          0          0          0          0   indicate_semi.o
         2          0          0          0          0          0   libinit.o
         6          0          0          0          0          0   libinit2.o
         2          0          0          0          0          0   libshutdown.o
         2          0          0          0          0          0   libshutdown2.o
         8          4          0          0         96         68   libspace.o
        64          0          0          0          0        108   rt_memclr.o
       186          0          0          0          0        144   rt_memcpy.o
         0          0          0          0          0          0   rtentry.o
        12          0          0          0          0          0   rtentry2.o
         6          0          0          0          0          0   rtentry4.o
         2          0          0          0          0          0   rtexit.o
        10          0          0          0          0          0   rtexit2.o
        68          6          0          0          0         72   strlen.o
        12          4          0          0          0         60   sys_exit.o
        62          0          0          0          0         80   sys_stackheap_outer.o
         2          0          0          0          0         68   use_no_semi.o

    ----------------------------------------------------------------------
       934         22          0          0        100        960   Library Totals
         4          0          0          0          4          0   (incl. Padding)

    ----------------------------------------------------------------------

      Code (inc. data)   RO Data    RW Data    ZI Data      Debug   Library Name

       930         22          0          0         96        960   c_p.l

    ----------------------------------------------------------------------
       934         22          0          0        100        960   Library Totals

    ----------------------------------------------------------------------

==============================================================================


      Code (inc. data)   RO Data    RW Data    ZI Data      Debug   

     16128       1120        228        188       5788     231420   Grand Totals
     16128       1120        228        188       5788     231420   ELF Image Totals
     16128       1120        228        188          0          0   ROM Totals

==============================================================================

    Total RO  Size (Code + RO Data)                16356 (  15.97kB)
    Total RW  Size (RW Data + ZI Data)              5976 (   5.84kB)
    Total ROM Size (Code + RO Data + RW Data)      16544 (  16.16kB)

==============================================================================

