Product: MDK-ARM Standard Cortex-M only 5.10
Component: ARM Compiler 5.04 update 1 (build 49)
Tool: armlink [5040049]

==============================================================================

Section Cross References

    arm_startup_nrf51.o(STACK) refers (Special) to heapauxi.o(.text) for __use_two_region_memory
    arm_startup_nrf51.o(HEAP) refers (Special) to heapauxi.o(.text) for __use_two_region_memory
    arm_startup_nrf51.o(RESET) refers (Special) to heapauxi.o(.text) for __use_two_region_memory
    arm_startup_nrf51.o(RESET) refers to arm_startup_nrf51.o(STACK) for __initial_sp
    arm_startup_nrf51.o(RESET) refers to arm_startup_nrf51.o(.text) for Reset_Handler
    arm_startup_nrf51.o(RESET) refers to app_gpiote.o(.text) for GPIOTE_IRQHandler
    arm_startup_nrf51.o(RESET) refers to battery.o(.text) for ADC_IRQHandler
    arm_startup_nrf51.o(RESET) refers to app_timer.o(.text) for RTC1_IRQHandler
    arm_startup_nrf51.o(RESET) refers to softdevice_handler.o(.text) for SWI2_IRQHandler
    arm_startup_nrf51.o(.text) refers (Special) to heapauxi.o(.text) for __use_two_region_memory
    arm_startup_nrf51.o(.text) refers to system_nrf51.o(.text) for SystemInit
    arm_startup_nrf51.o(.text) refers to __main.o(!!!main) for __main
    arm_startup_nrf51.o(.text) refers to arm_startup_nrf51.o(HEAP) for Heap_Mem
    arm_startup_nrf51.o(.text) refers to arm_startup_nrf51.o(STACK) for Stack_Mem
    system_nrf51.o(.text) refers to system_nrf51.o(.data) for SystemCoreClock
    main.o(.text) refers to battery.o(.text) for battery_start
    main.o(.text) refers to zes_lis3dsh.o(.text) for zes_lis3dsh_data
    main.o(.text) refers to ble_sam.o(.text) for ble_sam_measurement_send
    main.o(.text) refers to app_timer.o(.text) for app_timer_init
    main.o(.text) refers to rt_memclr.o(.text) for __aeabi_memclr4
    main.o(.text) refers to ble_advdata.o(.text) for ble_advdata_set
    main.o(.text) refers to ble_bas.o(.text) for ble_bas_init
    main.o(.text) refers to ble_conn_params.o(.text) for ble_conn_params_init
    main.o(.text) refers to main.o(.data) for i
    main.o(.text) refers to main.o(.bss) for zes_Lis3dsh
    main.o(.text) refers to main.o(.constdata) for .constdata
    main.o(.text) refers to rt_memcpy.o(.text) for __aeabi_memcpy
    main.o(.text) refers to pstorage.o(.text) for pstorage_sys_event_handler
    main.o(.text) refers to softdevice_handler.o(.text) for softdevice_handler_init
    main.o(.text) refers to app_scheduler.o(.text) for app_sched_init
    main.o(.text) refers to app_gpiote.o(.text) for app_gpiote_init
    main.o(.text) refers to app_button.o(.text) for app_button_init
    main.o(.text) refers to zes_sys.o(.text) for zes_sys_init
    main.o(.text) refers to nrf_delay.o(.text) for nrf_delay_ms
    main.o(.text) refers to zes_spi.o(.text) for zes_spi_setup
    zes_spi.o(.text) refers to zes_spi.o(i.__ARM_common_switch8) for __ARM_common_switch8
    zes_spi.o(.text) refers to rt_memclr.o(.text) for __aeabi_memclr4
    zes_sns.o(.text) refers to rt_memclr.o(.text) for __aeabi_memclr4
    ble_srv_common.o(.text) refers to main.o(.text) for app_error_handler
    ble_srv_common.o(.text) refers to strlen.o(.text) for strlen
    ble_bas.o(.text) refers to rt_memclr.o(.text) for __aeabi_memclr4
    ble_bas.o(.text) refers to ble_srv_common.o(.text) for ble_srv_report_ref_encode
    battery.o(.text) refers to aeabi_sdiv.o(.text) for __aeabi_idivmod
    battery.o(.text) refers to ble_bas.o(.text) for ble_bas_battery_level_update
    battery.o(.text) refers to main.o(.text) for app_error_handler
    battery.o(.text) refers to main.o(.bss) for bas
    ble_sam.o(.text) refers to rt_memclr.o(.text) for __aeabi_memclr4
    ble_sam.o(.text) refers to ble_sam.o(.constdata) for .constdata
    ble_error_log.o(.text) refers to rt_memcpy.o(.emb_text) for __aeabi_memcpy4
    ble_error_log.o(.text) refers to strncpy.o(.text) for strncpy
    ble_error_log.o(.text) refers to arm_startup_nrf51.o(RESET) for __Vectors
    ble_error_log.o(.text) refers to ble_error_log.o(.bss) for m_ble_error_log
    pstorage.o(.text) refers to zes_spi.o(i.__ARM_common_switch8) for __ARM_common_switch8
    pstorage.o(.text) refers to aeabi_sdiv.o(.text) for __aeabi_uidivmod
    pstorage.o(.text) refers to pstorage.o(.bss) for m_cmd_queue
    pstorage.o(.text) refers to pstorage.o(.data) for m_round_val
    pstorage.o(.text) refers to rt_memcpy.o(.text) for __aeabi_memcpy
    ble_advdata.o(.text) refers to rt_memcpy.o(.text) for __aeabi_memcpy
    app_scheduler.o(.text) refers to main.o(.text) for app_error_handler
    app_scheduler.o(.text) refers to rt_memcpy.o(.text) for __aeabi_memcpy
    app_scheduler.o(.text) refers to app_scheduler.o(.data) for m_queue_event_headers
    app_timer.o(.text) refers to app_timer.o(.emb_text) for __asm___11_app_timer_c_cd27f9c3__nrf_delay_us
    app_timer.o(.text) refers to main.o(.text) for app_error_handler
    app_timer.o(.text) refers to app_timer.o(.data) for m_rtc1_running
    ble_conn_params.o(.text) refers to rt_memcpy.o(.emb_text) for __aeabi_memcpy4
    ble_conn_params.o(.text) refers to rt_memcpy.o(.text) for __aeabi_memcpy
    ble_conn_params.o(.text) refers to app_timer.o(.text) for app_timer_create
    ble_conn_params.o(.text) refers to ble_conn_params.o(.data) for m_preferred_conn_params
    ble_conn_params.o(.text) refers to ble_conn_params.o(.bss) for m_conn_params_config
    softdevice_handler.o(.text) refers to main.o(.text) for assert_nrf_callback
    softdevice_handler.o(.text) refers to softdevice_handler.o(.data) for m_softdevice_enabled
    app_button.o(.text) refers to main.o(.text) for app_error_handler
    app_button.o(.text) refers to app_gpiote.o(.text) for app_gpiote_pins_state_get
    app_button.o(.text) refers to app_timer.o(.text) for app_timer_stop
    app_button.o(.text) refers to app_button.o(.data) for m_evt_schedule_func
    app_gpiote.o(.text) refers to rt_memclr.o(.text) for __aeabi_memclr4
    app_gpiote.o(.text) refers to app_gpiote.o(.data) for mp_users
    ble_debug_assert_handler.o(.text) refers to strncpy.o(.text) for strncpy
    ble_debug_assert_handler.o(.text) refers to ble_debug_assert_handler.o(.bss) for s_file_name
    ble_debug_assert_handler.o(.text) refers to ble_debug_assert_handler.o(.data) for s_line_num
    nrf_delay.o(.text) refers to nrf_delay.o(.emb_text) for __asm___11_nrf_delay_c_532987f3__nrf_delay_us
    zes_lis3dsh.o(.text) refers to rt_memclr.o(.text) for __aeabi_memclr4
    zes_lis3dsh.o(.text) refers to zes_sns.o(.text) for zes_sns_read
    zes_lis3dsh.o(.text) refers to fflti.o(.text) for __aeabi_i2f
    rt_memcpy.o(.text) refers to rt_memcpy.o(.emb_text) for __aeabi_memcpy4
    strncpy.o(.text) refers to rt_memclr.o(.text) for __rt_memclr
    __main.o(!!!main) refers to rtentry.o(.ARM.Collect$$rtentry$$00000000) for __rt_entry
    fflti.o(.text) refers (Special) to usenofp.o(x$fpl$usenofp) for __I$use$fp
    rtentry.o(.ARM.Collect$$rtentry$$00000000) refers (Special) to rtentry2.o(.ARM.Collect$$rtentry$$0000000A) for __rt_entry_li
    rtentry.o(.ARM.Collect$$rtentry$$00000000) refers (Special) to rtentry2.o(.ARM.Collect$$rtentry$$0000000D) for __rt_entry_main
    rtentry.o(.ARM.Collect$$rtentry$$00000000) refers (Special) to rtentry2.o(.ARM.Collect$$rtentry$$0000000C) for __rt_entry_postli_1
    rtentry.o(.ARM.Collect$$rtentry$$00000000) refers (Special) to rtentry2.o(.ARM.Collect$$rtentry$$00000009) for __rt_entry_postsh_1
    rtentry.o(.ARM.Collect$$rtentry$$00000000) refers (Special) to rtentry2.o(.ARM.Collect$$rtentry$$00000002) for __rt_entry_presh_1
    rtentry.o(.ARM.Collect$$rtentry$$00000000) refers (Special) to rtentry4.o(.ARM.Collect$$rtentry$$00000004) for __rt_entry_sh
    aeabi_idiv0_sigfpe.o(.text) refers to rt_div0.o(.text) for __rt_div0
    rtentry2.o(.ARM.Collect$$rtentry$$00000008) refers to boardinit2.o(.text) for _platform_post_stackheap_init
    rtentry2.o(.ARM.Collect$$rtentry$$0000000A) refers to libinit.o(.ARM.Collect$$libinit$$00000000) for __rt_lib_init
    rtentry2.o(.ARM.Collect$$rtentry$$0000000B) refers to boardinit3.o(.text) for _platform_post_lib_init
    rtentry2.o(.ARM.Collect$$rtentry$$0000000D) refers to main.o(.text) for main
    rtentry2.o(.ARM.Collect$$rtentry$$0000000D) refers to exit.o(.text) for exit
    rtentry2.o(.ARM.exidx) refers to rtentry2.o(.ARM.Collect$$rtentry$$00000001) for .ARM.Collect$$rtentry$$00000001
    rtentry2.o(.ARM.exidx) refers to rtentry2.o(.ARM.Collect$$rtentry$$00000008) for .ARM.Collect$$rtentry$$00000008
    rtentry2.o(.ARM.exidx) refers to rtentry2.o(.ARM.Collect$$rtentry$$0000000A) for .ARM.Collect$$rtentry$$0000000A
    rtentry2.o(.ARM.exidx) refers to rtentry2.o(.ARM.Collect$$rtentry$$0000000B) for .ARM.Collect$$rtentry$$0000000B
    rtentry2.o(.ARM.exidx) refers to rtentry2.o(.ARM.Collect$$rtentry$$0000000D) for .ARM.Collect$$rtentry$$0000000D
    rtentry4.o(.ARM.Collect$$rtentry$$00000004) refers to sys_stackheap_outer.o(.text) for __user_setup_stackheap
    rtentry4.o(.ARM.exidx) refers to rtentry4.o(.ARM.Collect$$rtentry$$00000004) for .ARM.Collect$$rtentry$$00000004
    rt_div0.o(.text) refers to defsig_fpe_outer.o(.text) for __rt_SIGFPE
    sys_stackheap_outer.o(.text) refers to libspace.o(.text) for __user_perproc_libspace
    sys_stackheap_outer.o(.text) refers to arm_startup_nrf51.o(.text) for __user_initial_stackheap
    sys_stackheap_outer.o(__vectab_stack_and_reset_area) refers to tempstk.o(.text) for __temporary_stack_top
    sys_stackheap_outer.o(__vectab_stack_and_reset_area) refers to __main.o(!!!main) for __main
    exit.o(.text) refers to rtexit.o(.ARM.Collect$$rtexit$$00000000) for __rt_exit
    defsig_fpe_outer.o(.text) refers to defsig_fpe_inner.o(.text) for __rt_SIGFPE_inner
    defsig_fpe_outer.o(.text) refers to defsig_exit.o(.text) for __sig_exit
    defsig_fpe_formal.o(.text) refers to rt_raise.o(.text) for __rt_raise
    libinit.o(.ARM.Collect$$libinit$$00000000) refers (Special) to libinit2.o(.ARM.Collect$$libinit$$0000002C) for __rt_lib_init_alloca_1
    libinit.o(.ARM.Collect$$libinit$$00000000) refers (Special) to libinit2.o(.ARM.Collect$$libinit$$0000002A) for __rt_lib_init_argv_1
    libinit.o(.ARM.Collect$$libinit$$00000000) refers (Special) to libinit2.o(.ARM.Collect$$libinit$$00000019) for __rt_lib_init_atexit_1
    libinit.o(.ARM.Collect$$libinit$$00000000) refers (Special) to libinit2.o(.ARM.Collect$$libinit$$0000001F) for __rt_lib_init_clock_1
    libinit.o(.ARM.Collect$$libinit$$00000000) refers (Special) to libinit2.o(.ARM.Collect$$libinit$$00000030) for __rt_lib_init_cpp_1
    libinit.o(.ARM.Collect$$libinit$$00000000) refers (Special) to libinit2.o(.ARM.Collect$$libinit$$0000002E) for __rt_lib_init_exceptions_1
    libinit.o(.ARM.Collect$$libinit$$00000000) refers (Special) to libinit2.o(.ARM.Collect$$libinit$$00000001) for __rt_lib_init_fp_1
    libinit.o(.ARM.Collect$$libinit$$00000000) refers (Special) to libinit2.o(.ARM.Collect$$libinit$$0000001D) for __rt_lib_init_fp_trap_1
    libinit.o(.ARM.Collect$$libinit$$00000000) refers (Special) to libinit2.o(.ARM.Collect$$libinit$$00000021) for __rt_lib_init_getenv_1
    libinit.o(.ARM.Collect$$libinit$$00000000) refers (Special) to libinit2.o(.ARM.Collect$$libinit$$00000008) for __rt_lib_init_heap_1
    libinit.o(.ARM.Collect$$libinit$$00000000) refers (Special) to libinit2.o(.ARM.Collect$$libinit$$0000000F) for __rt_lib_init_lc_collate_1
    libinit.o(.ARM.Collect$$libinit$$00000000) refers (Special) to libinit2.o(.ARM.Collect$$libinit$$00000011) for __rt_lib_init_lc_ctype_1
    libinit.o(.ARM.Collect$$libinit$$00000000) refers (Special) to libinit2.o(.ARM.Collect$$libinit$$00000013) for __rt_lib_init_lc_monetary_1
    libinit.o(.ARM.Collect$$libinit$$00000000) refers (Special) to libinit2.o(.ARM.Collect$$libinit$$00000015) for __rt_lib_init_lc_numeric_1
    libinit.o(.ARM.Collect$$libinit$$00000000) refers (Special) to libinit2.o(.ARM.Collect$$libinit$$00000017) for __rt_lib_init_lc_time_1
    libinit.o(.ARM.Collect$$libinit$$00000000) refers (Special) to libinit2.o(.ARM.Collect$$libinit$$0000000C) for __rt_lib_init_rand_1
    libinit.o(.ARM.Collect$$libinit$$00000000) refers (Special) to libinit2.o(.ARM.Collect$$libinit$$00000031) for __rt_lib_init_return
    libinit.o(.ARM.Collect$$libinit$$00000000) refers (Special) to libinit2.o(.ARM.Collect$$libinit$$0000001B) for __rt_lib_init_signal_1
    libinit.o(.ARM.Collect$$libinit$$00000000) refers (Special) to libinit2.o(.ARM.Collect$$libinit$$00000023) for __rt_lib_init_stdio_1
    libinit.o(.ARM.Collect$$libinit$$00000000) refers (Special) to libinit2.o(.ARM.Collect$$libinit$$0000000A) for __rt_lib_init_user_alloc_1
    libspace.o(.text) refers to libspace.o(.bss) for __libspace_start
    rtexit.o(.ARM.Collect$$rtexit$$00000000) refers (Special) to rtexit2.o(.ARM.Collect$$rtexit$$00000004) for __rt_exit_exit
    rtexit.o(.ARM.Collect$$rtexit$$00000000) refers (Special) to rtexit2.o(.ARM.Collect$$rtexit$$00000003) for __rt_exit_ls
    rtexit.o(.ARM.Collect$$rtexit$$00000000) refers (Special) to rtexit2.o(.ARM.Collect$$rtexit$$00000002) for __rt_exit_prels_1
    rtexit.o(.ARM.exidx) refers (Special) to rtexit2.o(.ARM.Collect$$rtexit$$00000004) for __rt_exit_exit
    rtexit.o(.ARM.exidx) refers (Special) to rtexit2.o(.ARM.Collect$$rtexit$$00000003) for __rt_exit_ls
    rtexit.o(.ARM.exidx) refers (Special) to rtexit2.o(.ARM.Collect$$rtexit$$00000002) for __rt_exit_prels_1
    rtexit.o(.ARM.exidx) refers to rtexit.o(.ARM.Collect$$rtexit$$00000000) for .ARM.Collect$$rtexit$$00000000
    rt_raise.o(.text) refers to __raise.o(.text) for __raise
    rt_raise.o(.text) refers to sys_exit.o(.text) for _sys_exit
    defsig_exit.o(.text) refers to sys_exit.o(.text) for _sys_exit
    defsig_fpe_inner.o(.text) refers to defsig_general.o(.text) for __default_signal_display
    libinit2.o(.ARM.Collect$$libinit$$0000000E) refers to libinit2.o(.ARM.Collect$$libinit$$0000000D) for .ARM.Collect$$libinit$$0000000D
    libinit2.o(.ARM.Collect$$libinit$$00000010) refers to libinit2.o(.ARM.Collect$$libinit$$0000000D) for .ARM.Collect$$libinit$$0000000D
    libinit2.o(.ARM.Collect$$libinit$$00000012) refers to libinit2.o(.ARM.Collect$$libinit$$0000000D) for .ARM.Collect$$libinit$$0000000D
    libinit2.o(.ARM.Collect$$libinit$$00000014) refers to libinit2.o(.ARM.Collect$$libinit$$0000000D) for .ARM.Collect$$libinit$$0000000D
    libinit2.o(.ARM.Collect$$libinit$$00000016) refers to libinit2.o(.ARM.Collect$$libinit$$0000000D) for .ARM.Collect$$libinit$$0000000D
    libinit2.o(.ARM.Collect$$libinit$$00000024) refers to argv_veneer.o(.text) for __ARM_argv_veneer
    libinit2.o(.ARM.Collect$$libinit$$00000025) refers to argv_veneer.o(.text) for __ARM_argv_veneer
    sys_exit.o(.text) refers (Special) to use_no_semi.o(.text) for __I$use$semihosting
    sys_exit.o(.text) refers (Special) to indicate_semi.o(.text) for __semihosting_library_function
    rtexit2.o(.ARM.Collect$$rtexit$$00000003) refers to libshutdown.o(.ARM.Collect$$libshutdown$$00000000) for __rt_lib_shutdown
    rtexit2.o(.ARM.Collect$$rtexit$$00000004) refers to sys_exit.o(.text) for _sys_exit
    rtexit2.o(.ARM.exidx) refers to rtexit2.o(.ARM.Collect$$rtexit$$00000001) for .ARM.Collect$$rtexit$$00000001
    rtexit2.o(.ARM.exidx) refers to rtexit2.o(.ARM.Collect$$rtexit$$00000003) for .ARM.Collect$$rtexit$$00000003
    rtexit2.o(.ARM.exidx) refers to rtexit2.o(.ARM.Collect$$rtexit$$00000004) for .ARM.Collect$$rtexit$$00000004
    __raise.o(.text) refers to defsig.o(CL$$defsig) for __default_signal_handler
    defsig_general.o(.text) refers to sys_wrch.o(.text) for _ttywrch
    sys_wrch.o(.text) refers (Special) to use_no_semi.o(.text) for __I$use$semihosting
    sys_wrch.o(.text) refers (Special) to indicate_semi.o(.text) for __semihosting_library_function
    defsig.o(CL$$defsig) refers to defsig_fpe_inner.o(.text) for __rt_SIGFPE_inner
    defsig.o(CL$$defsig) refers to defsig_rtmem_inner.o(.text) for __rt_SIGRTMEM_inner
    _get_argv_nomalloc.o(.text) refers (Special) to hrguard.o(.text) for __heap_region$guard
    _get_argv_nomalloc.o(.text) refers to defsig_rtmem_outer.o(.text) for __rt_SIGRTMEM
    _get_argv_nomalloc.o(.text) refers to sys_command.o(.text) for _sys_command_string
    libshutdown.o(.ARM.Collect$$libshutdown$$00000000) refers (Special) to libshutdown2.o(.ARM.Collect$$libshutdown$$00000006) for __rt_lib_shutdown_fp_trap_1
    libshutdown.o(.ARM.Collect$$libshutdown$$00000000) refers (Special) to libshutdown2.o(.ARM.Collect$$libshutdown$$0000000E) for __rt_lib_shutdown_heap_1
    libshutdown.o(.ARM.Collect$$libshutdown$$00000000) refers (Special) to libshutdown2.o(.ARM.Collect$$libshutdown$$0000000F) for __rt_lib_shutdown_return
    libshutdown.o(.ARM.Collect$$libshutdown$$00000000) refers (Special) to libshutdown2.o(.ARM.Collect$$libshutdown$$00000009) for __rt_lib_shutdown_signal_1
    libshutdown.o(.ARM.Collect$$libshutdown$$00000000) refers (Special) to libshutdown2.o(.ARM.Collect$$libshutdown$$00000003) for __rt_lib_shutdown_stdio_1
    libshutdown.o(.ARM.Collect$$libshutdown$$00000000) refers (Special) to libshutdown2.o(.ARM.Collect$$libshutdown$$0000000B) for __rt_lib_shutdown_user_alloc_1
    sys_command.o(.text) refers (Special) to use_no_semi.o(.text) for __I$use$semihosting
    sys_command.o(.text) refers (Special) to indicate_semi.o(.text) for __semihosting_library_function
    defsig_abrt_inner.o(.text) refers to defsig_general.o(.text) for __default_signal_display
    defsig_rtred_inner.o(.text) refers to defsig_general.o(.text) for __default_signal_display
    defsig_rtmem_inner.o(.text) refers to defsig_general.o(.text) for __default_signal_display
    defsig_rtmem_outer.o(.text) refers to defsig_rtmem_inner.o(.text) for __rt_SIGRTMEM_inner
    defsig_rtmem_outer.o(.text) refers to defsig_exit.o(.text) for __sig_exit
    defsig_rtmem_formal.o(.text) refers to rt_raise.o(.text) for __rt_raise
    defsig_stak_inner.o(.text) refers to defsig_general.o(.text) for __default_signal_display
    defsig_pvfn_inner.o(.text) refers to defsig_general.o(.text) for __default_signal_display
    defsig_cppl_inner.o(.text) refers to defsig_general.o(.text) for __default_signal_display
    defsig_segv_inner.o(.text) refers to defsig_general.o(.text) for __default_signal_display
    defsig_other.o(.text) refers to defsig_general.o(.text) for __default_signal_display


==============================================================================

Removing Unused input sections from the image.

    Removing system_nrf51.o(.rev16_text), (4 bytes).
    Removing system_nrf51.o(.revsh_text), (4 bytes).
    Removing main.o(.rev16_text), (4 bytes).
    Removing main.o(.revsh_text), (4 bytes).
    Removing zes_spi.o(.rev16_text), (4 bytes).
    Removing zes_spi.o(.revsh_text), (4 bytes).
    Removing zes_spi.o(.emb_text), (30 bytes).
    Removing zes_sns.o(.rev16_text), (4 bytes).
    Removing zes_sns.o(.revsh_text), (4 bytes).
    Removing zes_sys.o(.rev16_text), (4 bytes).
    Removing zes_sys.o(.revsh_text), (4 bytes).
    Removing battery.o(.rev16_text), (4 bytes).
    Removing battery.o(.revsh_text), (4 bytes).
    Removing ble_sam.o(.rev16_text), (4 bytes).
    Removing ble_sam.o(.revsh_text), (4 bytes).
    Removing ble_error_log.o(.rev16_text), (4 bytes).
    Removing ble_error_log.o(.revsh_text), (4 bytes).
    Removing ble_error_log.o(.text), (96 bytes).
    Removing ble_error_log.o(.bss), (392 bytes).
    Removing pstorage.o(.rev16_text), (4 bytes).
    Removing pstorage.o(.revsh_text), (4 bytes).
    Removing crc16.o(.text), (68 bytes).
    Removing app_scheduler.o(.rev16_text), (4 bytes).
    Removing app_scheduler.o(.revsh_text), (4 bytes).
    Removing app_timer.o(.rev16_text), (4 bytes).
    Removing app_timer.o(.revsh_text), (4 bytes).
    Removing softdevice_handler.o(.rev16_text), (4 bytes).
    Removing softdevice_handler.o(.revsh_text), (4 bytes).
    Removing app_button.o(.rev16_text), (4 bytes).
    Removing app_button.o(.revsh_text), (4 bytes).
    Removing app_gpiote.o(.rev16_text), (4 bytes).
    Removing app_gpiote.o(.revsh_text), (4 bytes).
    Removing ble_debug_assert_handler.o(.rev16_text), (4 bytes).
    Removing ble_debug_assert_handler.o(.revsh_text), (4 bytes).
    Removing ble_debug_assert_handler.o(.text), (60 bytes).
    Removing ble_debug_assert_handler.o(.bss), (128 bytes).
    Removing ble_debug_assert_handler.o(.data), (8 bytes).
    Removing nrf_delay.o(.rev16_text), (4 bytes).
    Removing nrf_delay.o(.revsh_text), (4 bytes).
    Removing zes_lis3dsh.o(.rev16_text), (4 bytes).
    Removing zes_lis3dsh.o(.revsh_text), (4 bytes).
    Removing zes_lis3dsh.o(.emb_text), (30 bytes).

42 unused section(s) (total 948 bytes) removed from the image.

==============================================================================

Image Symbol Table

    Local Symbols

    Symbol Name                              Value     Ov Type        Size  Object(Section)

    ../clib/angel/boardlib.s                 0x00000000   Number         0  boardinit1.o ABSOLUTE
    ../clib/angel/boardlib.s                 0x00000000   Number         0  boardinit3.o ABSOLUTE
    ../clib/angel/boardlib.s                 0x00000000   Number         0  boardshut.o ABSOLUTE
    ../clib/angel/boardlib.s                 0x00000000   Number         0  boardinit2.o ABSOLUTE
    ../clib/angel/handlers.s                 0x00000000   Number         0  __scatter_zi.o ABSOLUTE
    ../clib/angel/handlers.s                 0x00000000   Number         0  __scatter_copy.o ABSOLUTE
    ../clib/angel/kernel.s                   0x00000000   Number         0  rtentry2.o ABSOLUTE
    ../clib/angel/kernel.s                   0x00000000   Number         0  rtexit.o ABSOLUTE
    ../clib/angel/kernel.s                   0x00000000   Number         0  rtentry.o ABSOLUTE
    ../clib/angel/kernel.s                   0x00000000   Number         0  rtentry4.o ABSOLUTE
    ../clib/angel/kernel.s                   0x00000000   Number         0  rtexit2.o ABSOLUTE
    ../clib/angel/rt.s                       0x00000000   Number         0  rt_div0.o ABSOLUTE
    ../clib/angel/rt.s                       0x00000000   Number         0  rt_raise.o ABSOLUTE
    ../clib/angel/rt.s                       0x00000000   Number         0  aeabi_idiv0.o ABSOLUTE
    ../clib/angel/rt.s                       0x00000000   Number         0  aeabi_idiv0_sigfpe.o ABSOLUTE
    ../clib/angel/scatterp.s                 0x00000000   Number         0  __scatter.o ABSOLUTE
    ../clib/angel/startup.s                  0x00000000   Number         0  __main.o ABSOLUTE
    ../clib/angel/sys.s                      0x00000000   Number         0  libspace.o ABSOLUTE
    ../clib/angel/sys.s                      0x00000000   Number         0  sys_stackheap_outer.o ABSOLUTE
    ../clib/angel/sys.s                      0x00000000   Number         0  tempstk.o ABSOLUTE
    ../clib/angel/sys.s                      0x00000000   Number         0  indicate_semi.o ABSOLUTE
    ../clib/angel/sys.s                      0x00000000   Number         0  use_no_semi.o ABSOLUTE
    ../clib/angel/sysapp.c                   0x00000000   Number         0  sys_command.o ABSOLUTE
    ../clib/angel/sysapp.c                   0x00000000   Number         0  sys_exit.o ABSOLUTE
    ../clib/angel/sysapp.c                   0x00000000   Number         0  sys_wrch.o ABSOLUTE
    ../clib/armsys.c                         0x00000000   Number         0  _get_argv_nomalloc.o ABSOLUTE
    ../clib/armsys.c                         0x00000000   Number         0  no_argv.o ABSOLUTE
    ../clib/armsys.c                         0x00000000   Number         0  argv_veneer.o ABSOLUTE
    ../clib/division.s                       0x00000000   Number         0  aeabi_sdiv.o ABSOLUTE
    ../clib/division.s                       0x00000000   Number         0  aeabi_sdiv_div0.o ABSOLUTE
    ../clib/heapalloc.c                      0x00000000   Number         0  hrguard.o ABSOLUTE
    ../clib/heapaux.c                        0x00000000   Number         0  heapauxi.o ABSOLUTE
    ../clib/libinit.s                        0x00000000   Number         0  libinit.o ABSOLUTE
    ../clib/libinit.s                        0x00000000   Number         0  libinit2.o ABSOLUTE
    ../clib/libinit.s                        0x00000000   Number         0  libshutdown.o ABSOLUTE
    ../clib/libinit.s                        0x00000000   Number         0  libshutdown2.o ABSOLUTE
    ../clib/memcpset.c                       0x00000000   Number         0  rt_memcpy.o ABSOLUTE
    ../clib/memcpset.c                       0x00000000   Number         0  rt_memcpy.o ABSOLUTE
    ../clib/memcpset.c                       0x00000000   Number         0  rt_memclr.o ABSOLUTE
    ../clib/signal.c                         0x00000000   Number         0  __raise.o ABSOLUTE
    ../clib/signal.c                         0x00000000   Number         0  defsig_exit.o ABSOLUTE
    ../clib/signal.c                         0x00000000   Number         0  defsig_fpe_inner.o ABSOLUTE
    ../clib/signal.c                         0x00000000   Number         0  defsig_other.o ABSOLUTE
    ../clib/signal.c                         0x00000000   Number         0  defsig_rtmem_inner.o ABSOLUTE
    ../clib/signal.c                         0x00000000   Number         0  defsig_segv_inner.o ABSOLUTE
    ../clib/signal.c                         0x00000000   Number         0  defsig_cppl_inner.o ABSOLUTE
    ../clib/signal.c                         0x00000000   Number         0  defsig_pvfn_inner.o ABSOLUTE
    ../clib/signal.c                         0x00000000   Number         0  defsig_stak_inner.o ABSOLUTE
    ../clib/signal.c                         0x00000000   Number         0  defsig_rtmem_formal.o ABSOLUTE
    ../clib/signal.c                         0x00000000   Number         0  defsig_rtmem_outer.o ABSOLUTE
    ../clib/signal.c                         0x00000000   Number         0  defsig_rtred_inner.o ABSOLUTE
    ../clib/signal.c                         0x00000000   Number         0  defsig_fpe_outer.o ABSOLUTE
    ../clib/signal.c                         0x00000000   Number         0  defsig_fpe_formal.o ABSOLUTE
    ../clib/signal.c                         0x00000000   Number         0  defsig_abrt_inner.o ABSOLUTE
    ../clib/signal.c                         0x00000000   Number         0  defsig_general.o ABSOLUTE
    ../clib/signal.s                         0x00000000   Number         0  defsig.o ABSOLUTE
    ../clib/stdlib.c                         0x00000000   Number         0  exit.o ABSOLUTE
    ../clib/string.c                         0x00000000   Number         0  strlen.o ABSOLUTE
    ../clib/string.c                         0x00000000   Number         0  strncpy.o ABSOLUTE
    ../fplib/cfplib/fflt.c                   0x00000000   Number         0  fflti.o ABSOLUTE
    ../fplib/cfplib/fpinit.c                 0x00000000   Number         0  fpinit.o ABSOLUTE
    ../fplib/usenofp.s                       0x00000000   Number         0  usenofp.o ABSOLUTE
    ..\\lib\\nrf51822\\Source\\app_common\\app_button.c 0x00000000   Number         0  app_button.o ABSOLUTE
    ..\\lib\\nrf51822\\Source\\app_common\\app_gpiote.c 0x00000000   Number         0  app_gpiote.o ABSOLUTE
    ..\\lib\\nrf51822\\Source\\app_common\\app_scheduler.c 0x00000000   Number         0  app_scheduler.o ABSOLUTE
    ..\\lib\\nrf51822\\Source\\app_common\\app_timer.c 0x00000000   Number         0  app_timer.o ABSOLUTE
    ..\\lib\\nrf51822\\Source\\app_common\\pstorage.c 0x00000000   Number         0  pstorage.o ABSOLUTE
    ..\\lib\\nrf51822\\Source\\ble\\ble_debug_assert_handler.c 0x00000000   Number         0  ble_debug_assert_handler.o ABSOLUTE
    ..\\lib\\nrf51822\\Source\\ble\\ble_error_log.c 0x00000000   Number         0  ble_error_log.o ABSOLUTE
    ..\\lib\\nrf51822\\Source\\nrf_delay\\nrf_delay.c 0x00000000   Number         0  nrf_delay.o ABSOLUTE
    ..\\lib\\nrf51822\\Source\\sd_common\\softdevice_handler.c 0x00000000   Number         0  softdevice_handler.o ABSOLUTE
    ..\\src\\battery.c                       0x00000000   Number         0  battery.o ABSOLUTE
    ..\\src\\ble_sam.c                       0x00000000   Number         0  ble_sam.o ABSOLUTE
    ..\\src\\main.c                          0x00000000   Number         0  main.o ABSOLUTE
    ..\\src\\zes_lis3dsh.c                   0x00000000   Number         0  zes_lis3dsh.o ABSOLUTE
    ..\\src\\zes_sns.c                       0x00000000   Number         0  zes_sns.o ABSOLUTE
    ..\\src\\zes_spi.c                       0x00000000   Number         0  zes_spi.o ABSOLUTE
    ..\\src\\zes_sys.c                       0x00000000   Number         0  zes_sys.o ABSOLUTE
    ..\lib\nrf51822\Source\app_common\app_button.c 0x00000000   Number         0  app_button.o ABSOLUTE
    ..\lib\nrf51822\Source\app_common\app_gpiote.c 0x00000000   Number         0  app_gpiote.o ABSOLUTE
    ..\lib\nrf51822\Source\app_common\app_scheduler.c 0x00000000   Number         0  app_scheduler.o ABSOLUTE
    ..\lib\nrf51822\Source\app_common\app_timer.c 0x00000000   Number         0  app_timer.o ABSOLUTE
    ..\lib\nrf51822\Source\app_common\crc16.c 0x00000000   Number         0  crc16.o ABSOLUTE
    ..\lib\nrf51822\Source\app_common\pstorage.c 0x00000000   Number         0  pstorage.o ABSOLUTE
    ..\lib\nrf51822\Source\ble\ble_advdata.c 0x00000000   Number         0  ble_advdata.o ABSOLUTE
    ..\lib\nrf51822\Source\ble\ble_conn_params.c 0x00000000   Number         0  ble_conn_params.o ABSOLUTE
    ..\lib\nrf51822\Source\ble\ble_debug_assert_handler.c 0x00000000   Number         0  ble_debug_assert_handler.o ABSOLUTE
    ..\lib\nrf51822\Source\ble\ble_error_log.c 0x00000000   Number         0  ble_error_log.o ABSOLUTE
    ..\lib\nrf51822\Source\ble\ble_services\ble_bas.c 0x00000000   Number         0  ble_bas.o ABSOLUTE
    ..\lib\nrf51822\Source\ble\ble_services\ble_srv_common.c 0x00000000   Number         0  ble_srv_common.o ABSOLUTE
    ..\lib\nrf51822\Source\nrf_delay\nrf_delay.c 0x00000000   Number         0  nrf_delay.o ABSOLUTE
    ..\lib\nrf51822\Source\sd_common\softdevice_handler.c 0x00000000   Number         0  softdevice_handler.o ABSOLUTE
    ..\src\battery.c                         0x00000000   Number         0  battery.o ABSOLUTE
    ..\src\ble_sam.c                         0x00000000   Number         0  ble_sam.o ABSOLUTE
    ..\src\main.c                            0x00000000   Number         0  main.o ABSOLUTE
    ..\src\zes_lis3dsh.c                     0x00000000   Number         0  zes_lis3dsh.o ABSOLUTE
    ..\src\zes_sns.c                         0x00000000   Number         0  zes_sns.o ABSOLUTE
    ..\src\zes_spi.c                         0x00000000   Number         0  zes_spi.o ABSOLUTE
    ..\src\zes_sys.c                         0x00000000   Number         0  zes_sys.o ABSOLUTE
    RTE\Device\nRF51822_xxAB\arm_startup_nrf51.s 0x00000000   Number         0  arm_startup_nrf51.o ABSOLUTE
    RTE\Device\nRF51822_xxAB\system_nrf51.c  0x00000000   Number         0  system_nrf51.o ABSOLUTE
    RTE\\Device\\nRF51822_xxAB\\system_nrf51.c 0x00000000   Number         0  system_nrf51.o ABSOLUTE
    dc.s                                     0x00000000   Number         0  dc.o ABSOLUTE
    RESET                                    0x00016000   Section      192  arm_startup_nrf51.o(RESET)
    !!!main                                  0x000160c0   Section        8  __main.o(!!!main)
    !!!scatter                               0x000160c8   Section       60  __scatter.o(!!!scatter)
    !!handler_copy                           0x00016104   Section       26  __scatter_copy.o(!!handler_copy)
    !!handler_zi                             0x00016120   Section       28  __scatter_zi.o(!!handler_zi)
    .ARM.Collect$$libinit$$00000000          0x0001613c   Section        2  libinit.o(.ARM.Collect$$libinit$$00000000)
    .ARM.Collect$$libinit$$00000001          0x0001613e   Section        4  libinit2.o(.ARM.Collect$$libinit$$00000001)
    .ARM.Collect$$libinit$$00000008          0x00016142   Section        0  libinit2.o(.ARM.Collect$$libinit$$00000008)
    .ARM.Collect$$libinit$$0000000A          0x00016142   Section        0  libinit2.o(.ARM.Collect$$libinit$$0000000A)
    .ARM.Collect$$libinit$$0000000C          0x00016142   Section        0  libinit2.o(.ARM.Collect$$libinit$$0000000C)
    .ARM.Collect$$libinit$$0000000F          0x00016142   Section        0  libinit2.o(.ARM.Collect$$libinit$$0000000F)
    .ARM.Collect$$libinit$$00000011          0x00016142   Section        0  libinit2.o(.ARM.Collect$$libinit$$00000011)
    .ARM.Collect$$libinit$$00000013          0x00016142   Section        0  libinit2.o(.ARM.Collect$$libinit$$00000013)
    .ARM.Collect$$libinit$$00000015          0x00016142   Section        0  libinit2.o(.ARM.Collect$$libinit$$00000015)
    .ARM.Collect$$libinit$$00000017          0x00016142   Section        0  libinit2.o(.ARM.Collect$$libinit$$00000017)
    .ARM.Collect$$libinit$$00000019          0x00016142   Section        0  libinit2.o(.ARM.Collect$$libinit$$00000019)
    .ARM.Collect$$libinit$$0000001B          0x00016142   Section        0  libinit2.o(.ARM.Collect$$libinit$$0000001B)
    .ARM.Collect$$libinit$$0000001D          0x00016142   Section        0  libinit2.o(.ARM.Collect$$libinit$$0000001D)
    .ARM.Collect$$libinit$$0000001F          0x00016142   Section        0  libinit2.o(.ARM.Collect$$libinit$$0000001F)
    .ARM.Collect$$libinit$$00000021          0x00016142   Section        0  libinit2.o(.ARM.Collect$$libinit$$00000021)
    .ARM.Collect$$libinit$$00000023          0x00016142   Section        0  libinit2.o(.ARM.Collect$$libinit$$00000023)
    .ARM.Collect$$libinit$$0000002A          0x00016142   Section        0  libinit2.o(.ARM.Collect$$libinit$$0000002A)
    .ARM.Collect$$libinit$$0000002C          0x00016142   Section        0  libinit2.o(.ARM.Collect$$libinit$$0000002C)
    .ARM.Collect$$libinit$$0000002E          0x00016142   Section        0  libinit2.o(.ARM.Collect$$libinit$$0000002E)
    .ARM.Collect$$libinit$$00000030          0x00016142   Section        0  libinit2.o(.ARM.Collect$$libinit$$00000030)
    .ARM.Collect$$libinit$$00000031          0x00016142   Section        2  libinit2.o(.ARM.Collect$$libinit$$00000031)
    .ARM.Collect$$libshutdown$$00000000      0x00016144   Section        2  libshutdown.o(.ARM.Collect$$libshutdown$$00000000)
    .ARM.Collect$$libshutdown$$00000003      0x00016146   Section        0  libshutdown2.o(.ARM.Collect$$libshutdown$$00000003)
    .ARM.Collect$$libshutdown$$00000006      0x00016146   Section        0  libshutdown2.o(.ARM.Collect$$libshutdown$$00000006)
    .ARM.Collect$$libshutdown$$00000009      0x00016146   Section        0  libshutdown2.o(.ARM.Collect$$libshutdown$$00000009)
    .ARM.Collect$$libshutdown$$0000000B      0x00016146   Section        0  libshutdown2.o(.ARM.Collect$$libshutdown$$0000000B)
    .ARM.Collect$$libshutdown$$0000000E      0x00016146   Section        0  libshutdown2.o(.ARM.Collect$$libshutdown$$0000000E)
    .ARM.Collect$$libshutdown$$0000000F      0x00016146   Section        2  libshutdown2.o(.ARM.Collect$$libshutdown$$0000000F)
    .ARM.Collect$$rtentry$$00000000          0x00016148   Section        0  rtentry.o(.ARM.Collect$$rtentry$$00000000)
    .ARM.Collect$$rtentry$$00000002          0x00016148   Section        0  rtentry2.o(.ARM.Collect$$rtentry$$00000002)
    .ARM.Collect$$rtentry$$00000004          0x00016148   Section        6  rtentry4.o(.ARM.Collect$$rtentry$$00000004)
    .ARM.Collect$$rtentry$$00000009          0x0001614e   Section        0  rtentry2.o(.ARM.Collect$$rtentry$$00000009)
    .ARM.Collect$$rtentry$$0000000A          0x0001614e   Section        4  rtentry2.o(.ARM.Collect$$rtentry$$0000000A)
    .ARM.Collect$$rtentry$$0000000C          0x00016152   Section        0  rtentry2.o(.ARM.Collect$$rtentry$$0000000C)
    .ARM.Collect$$rtentry$$0000000D          0x00016152   Section        8  rtentry2.o(.ARM.Collect$$rtentry$$0000000D)
    .ARM.Collect$$rtexit$$00000000           0x0001615a   Section        2  rtexit.o(.ARM.Collect$$rtexit$$00000000)
    .ARM.Collect$$rtexit$$00000002           0x0001615c   Section        0  rtexit2.o(.ARM.Collect$$rtexit$$00000002)
    .ARM.Collect$$rtexit$$00000003           0x0001615c   Section        4  rtexit2.o(.ARM.Collect$$rtexit$$00000003)
    .ARM.Collect$$rtexit$$00000004           0x00016160   Section        6  rtexit2.o(.ARM.Collect$$rtexit$$00000004)
    .emb_text                                0x00016168   Section       30  app_timer.o(.emb_text)
    .emb_text                                0x00016188   Section       30  nrf_delay.o(.emb_text)
    .emb_text                                0x000161a8   Section       56  rt_memcpy.o(.emb_text)
    .text                                    0x000161e0   Section       84  arm_startup_nrf51.o(.text)
    .text                                    0x00016234   Section        0  system_nrf51.o(.text)
    is_disabled_in_debug_needed              0x0001623d   Thumb Code    52  system_nrf51.o(.text)
    is_manual_peripheral_setup_needed        0x00016271   Thumb Code   104  system_nrf51.o(.text)
    .text                                    0x0001631c   Section        0  main.o(.text)
    service_error_handler                    0x00016347   Thumb Code    14  main.o(.text)
    leds_init                                0x00016355   Thumb Code    22  main.o(.text)
    battery_level_meas_timeout_handler       0x0001636b   Thumb Code    10  main.o(.text)
    accel_meas_timeout_handler               0x00016375   Thumb Code    74  main.o(.text)
    timers_init                              0x000163bf   Thumb Code    82  main.o(.text)
    gap_params_init                          0x00016411   Thumb Code   156  main.o(.text)
    advertising_init                         0x000164ad   Thumb Code    88  main.o(.text)
    services_init                            0x00016505   Thumb Code   318  main.o(.text)
    sec_params_init                          0x00016643   Thumb Code    66  main.o(.text)
    on_conn_params_evt                       0x00016685   Thumb Code    46  main.o(.text)
    conn_params_error_handler                0x000166b3   Thumb Code    16  main.o(.text)
    conn_params_init                         0x000166c3   Thumb Code   182  main.o(.text)
    timers_start                             0x00016779   Thumb Code    84  main.o(.text)
    advertising_start                        0x000167cd   Thumb Code    72  main.o(.text)
    on_ble_evt                               0x00016815   Thumb Code   336  main.o(.text)
    ble_evt_dispatch                         0x00016965   Thumb Code    34  main.o(.text)
    sys_evt_dispatch                         0x00016987   Thumb Code    12  main.o(.text)
    ble_stack_init                           0x00016993   Thumb Code   146  main.o(.text)
    scheduler_init                           0x00016a25   Thumb Code    44  main.o(.text)
    gpiote_init                              0x00016a51   Thumb Code    42  main.o(.text)
    buttons_init                             0x00016a7b   Thumb Code    46  main.o(.text)
    power_manage                             0x00016aa9   Thumb Code    32  main.o(.text)
    nrf_gpio_cfg_output                      0x00016b47   Thumb Code    18  main.o(.text)
    nrf_gpio_pin_set                         0x00016b59   Thumb Code    96  main.o(.text)
    nrf_gpio_pin_clear                       0x00016bb9   Thumb Code    10  main.o(.text)
    app_timer_evt_schedule                   0x00016bc3   Thumb Code    22  main.o(.text)
    app_button_evt_schedule                  0x00016bd9   Thumb Code    26  main.o(.text)
    app_timer_evt_get                        0x00016bf3   Thumb Code    48  main.o(.text)
    app_button_evt_get                       0x00016c23   Thumb Code    48  main.o(.text)
    .text                                    0x00016cc0   Section        0  zes_spi.o(.text)
    nrf_gpio_cfg_output                      0x00016ec1   Thumb Code    18  zes_spi.o(.text)
    nrf_gpio_pin_set                         0x00016ed3   Thumb Code    10  zes_spi.o(.text)
    nrf_gpio_pin_clear                       0x00016edd   Thumb Code    10  zes_spi.o(.text)
    .text                                    0x00016ef8   Section        0  zes_sns.o(.text)
    .text                                    0x00016ffc   Section        0  zes_sys.o(.text)
    nrf_gpio_cfg_output                      0x0001703b   Thumb Code    18  zes_sys.o(.text)
    nrf_gpio_pin_clear                       0x0001704d   Thumb Code    10  zes_sys.o(.text)
    .text                                    0x0001705c   Section        0  ble_srv_common.o(.text)
    .text                                    0x000170e8   Section        0  ble_bas.o(.text)
    on_connect                               0x000170e9   Thumb Code     6  ble_bas.o(.text)
    on_disconnect                            0x000170ef   Thumb Code     8  ble_bas.o(.text)
    on_write                                 0x000170f7   Thumb Code    80  ble_bas.o(.text)
    battery_level_char_add                   0x00017181   Thumb Code   448  ble_bas.o(.text)
    .text                                    0x00017408   Section        0  battery.o(.text)
    battery_level_in_percent                 0x000174f9   Thumb Code   148  battery.o(.text)
    .text                                    0x000175cc   Section        0  ble_sam.o(.text)
    on_connect                               0x000175cd   Thumb Code     6  ble_sam.o(.text)
    on_disconnect                            0x000175d3   Thumb Code     8  ble_sam.o(.text)
    on_sam_cccd_write                        0x000175db   Thumb Code    56  ble_sam.o(.text)
    on_write                                 0x00017613   Thumb Code    26  ble_sam.o(.text)
    accel_char_add                           0x0001762d   Thumb Code   386  ble_sam.o(.text)
    .text                                    0x000178f0   Section        0  pstorage.o(.text)
    cmd_queue_element_init                   0x000178f1   Thumb Code    56  pstorage.o(.text)
    cmd_queue_init                           0x00017929   Thumb Code    40  pstorage.o(.text)
    swap_state_process                       0x00017951   Thumb Code   578  pstorage.o(.text)
    cmd_process                              0x00017b93   Thumb Code   382  pstorage.o(.text)
    cmd_queue_enqueue                        0x00017d11   Thumb Code   138  pstorage.o(.text)
    cmd_queue_dequeue                        0x00017d9b   Thumb Code    32  pstorage.o(.text)
    app_notify                               0x00017dbb   Thumb Code   100  pstorage.o(.text)
    is_word_aligned                          0x0001858f   Thumb Code    18  pstorage.o(.text)
    .text                                    0x000185ac   Section        0  ble_advdata.o(.text)
    name_encode                              0x000185ad   Thumb Code   150  ble_advdata.o(.text)
    appearance_encode                        0x00018643   Thumb Code    74  ble_advdata.o(.text)
    uint8_array_encode                       0x0001868d   Thumb Code    82  ble_advdata.o(.text)
    tx_power_level_encode                    0x000186df   Thumb Code    48  ble_advdata.o(.text)
    uuid_list_sized_encode                   0x0001870f   Thumb Code   196  ble_advdata.o(.text)
    uuid_list_encode                         0x000187d3   Thumb Code    64  ble_advdata.o(.text)
    conn_int_check                           0x00018813   Thumb Code    88  ble_advdata.o(.text)
    conn_int_encode                          0x0001886b   Thumb Code    92  ble_advdata.o(.text)
    manuf_specific_data_encode               0x000188c7   Thumb Code   106  ble_advdata.o(.text)
    service_data_encode                      0x00018931   Thumb Code   140  ble_advdata.o(.text)
    adv_data_encode                          0x000189bd   Thumb Code   302  ble_advdata.o(.text)
    advdata_check                            0x00018aeb   Thumb Code    34  ble_advdata.o(.text)
    srdata_check                             0x00018b0d   Thumb Code    16  ble_advdata.o(.text)
    uint16_encode                            0x00018b97   Thumb Code    18  ble_advdata.o(.text)
    .text                                    0x00018bac   Section        0  app_scheduler.o(.text)
    app_sched_event_get                      0x00018cdd   Thumb Code    84  app_scheduler.o(.text)
    current_int_priority_get                 0x00018d4f   Thumb Code    84  app_scheduler.o(.text)
    next_index                               0x00018da3   Thumb Code    20  app_scheduler.o(.text)
    .text                                    0x00018e10   Section        0  app_timer.o(.text)
    NVIC_SetPriority                         0x00018e11   Thumb Code   110  app_timer.o(.text)
    rtc1_init                                0x00018e7f   Thumb Code    18  app_timer.o(.text)
    rtc1_start                               0x00018e91   Thumb Code    48  app_timer.o(.text)
    rtc1_stop                                0x00018ec1   Thumb Code    68  app_timer.o(.text)
    timer_list_insert                        0x00018f05   Thumb Code   212  app_timer.o(.text)
    timer_list_remove                        0x00018fd9   Thumb Code   170  app_timer.o(.text)
    timer_timeouts_check_sched               0x00019083   Thumb Code    10  app_timer.o(.text)
    timer_list_handler_sched                 0x0001908d   Thumb Code    10  app_timer.o(.text)
    timeout_handler_exec                     0x00019097   Thumb Code    60  app_timer.o(.text)
    timer_timeouts_check                     0x000190d3   Thumb Code   132  app_timer.o(.text)
    elapsed_ticks_acquire                    0x00019157   Thumb Code    82  app_timer.o(.text)
    list_deletions_handler                   0x000191a9   Thumb Code   284  app_timer.o(.text)
    expired_timers_handler                   0x000192c5   Thumb Code   100  app_timer.o(.text)
    list_insertions_handler                  0x00019329   Thumb Code   264  app_timer.o(.text)
    compare_reg_update                       0x00019431   Thumb Code   124  app_timer.o(.text)
    timer_list_handler                       0x000194ad   Thumb Code    70  app_timer.o(.text)
    user_op_enque                            0x000194f3   Thumb Code     4  app_timer.o(.text)
    user_op_alloc                            0x000194f7   Thumb Code    44  app_timer.o(.text)
    timer_start_op_schedule                  0x00019523   Thumb Code    80  app_timer.o(.text)
    timer_stop_op_schedule                   0x00019573   Thumb Code    58  app_timer.o(.text)
    timer_stop_all_op_schedule               0x000195ad   Thumb Code    58  app_timer.o(.text)
    user_id_get                              0x00019777   Thumb Code    34  app_timer.o(.text)
    NVIC_EnableIRQ                           0x00019875   Thumb Code    14  app_timer.o(.text)
    NVIC_SetPendingIRQ                       0x00019883   Thumb Code    14  app_timer.o(.text)
    NVIC_ClearPendingIRQ                     0x00019891   Thumb Code    16  app_timer.o(.text)
    current_int_priority_get                 0x000198a1   Thumb Code    84  app_timer.o(.text)
    rtc1_counter_get                         0x000198f5   Thumb Code     6  app_timer.o(.text)
    ticks_diff_get                           0x000198fb   Thumb Code    10  app_timer.o(.text)
    .text                                    0x00019934   Section        0  ble_conn_params.o(.text)
    is_conn_params_ok                        0x00019935   Thumb Code    30  ble_conn_params.o(.text)
    update_timeout_handler                   0x00019953   Thumb Code   136  ble_conn_params.o(.text)
    conn_params_negotiation                  0x00019a41   Thumb Code   126  ble_conn_params.o(.text)
    on_connect                               0x00019abf   Thumb Code    42  ble_conn_params.o(.text)
    on_disconnect                            0x00019ae9   Thumb Code    50  ble_conn_params.o(.text)
    on_write                                 0x00019b1b   Thumb Code    84  ble_conn_params.o(.text)
    on_conn_params_update                    0x00019b6f   Thumb Code    20  ble_conn_params.o(.text)
    .text                                    0x00019c3c   Section        0  softdevice_handler.o(.text)
    .text                                    0x00019e10   Section        0  app_button.o(.text)
    button_handler_execute                   0x00019e11   Thumb Code    82  app_button.o(.text)
    detection_delay_timeout_handler          0x00019e63   Thumb Code   144  app_button.o(.text)
    gpiote_event_handler                     0x00019ef3   Thumb Code    52  app_button.o(.text)
    .text                                    0x0001a0bc   Section        0  app_gpiote.o(.text)
    sense_level_toggle                       0x0001a0bd   Thumb Code   128  app_gpiote.o(.text)
    pins_sense_disable                       0x0001a1db   Thumb Code    98  app_gpiote.o(.text)
    NVIC_SetPriority                         0x0001a493   Thumb Code   110  app_gpiote.o(.text)
    .text                                    0x0001a528   Section        0  nrf_delay.o(.text)
    .text                                    0x0001a544   Section        0  zes_lis3dsh.o(.text)
    .text                                    0x0001a624   Section        0  strlen.o(.text)
    .text                                    0x0001a668   Section        0  rt_memcpy.o(.text)
    .text                                    0x0001a6ea   Section        0  rt_memclr.o(.text)
    .text                                    0x0001a72a   Section      346  aeabi_sdiv.o(.text)
    .text                                    0x0001a884   Section        0  heapauxi.o(.text)
    .text                                    0x0001a88a   Section        0  fflti.o(.text)
    .text                                    0x0001a8e8   Section       62  sys_stackheap_outer.o(.text)
    .text                                    0x0001a926   Section        0  exit.o(.text)
    .text                                    0x0001a934   Section        8  libspace.o(.text)
    .text                                    0x0001a93c   Section        0  sys_exit.o(.text)
    .text                                    0x0001a948   Section        2  use_no_semi.o(.text)
    .text                                    0x0001a94a   Section        0  indicate_semi.o(.text)
    i.__ARM_common_switch8                   0x0001a94a   Section        0  zes_spi.o(i.__ARM_common_switch8)
    x$fpl$usenofp                            0x0001a966   Section        0  usenofp.o(x$fpl$usenofp)
    .constdata                               0x0001a968   Section        4  main.o(.constdata)
    .constdata                               0x0001a96c   Section       16  ble_sam.o(.constdata)
    .data                                    0x20002000   Section        4  system_nrf51.o(.data)
    __tagsym$$used                           0x20002000   Number         0  system_nrf51.o(.data)
    .data                                    0x20002004   Section       28  main.o(.data)
    m_sec_params                             0x20002004   Data           6  main.o(.data)
    m_conn_handle                            0x2000200a   Data           2  main.o(.data)
    m_battery_timer_id                       0x2000200c   Data           4  main.o(.data)
    m_accel_timer_id                         0x20002010   Data           4  main.o(.data)
    i                                        0x20002014   Data           4  main.o(.data)
    buttons                                  0x20002018   Data           8  main.o(.data)
    .data                                    0x20002020   Section       12  pstorage.o(.data)
    m_next_app_instance                      0x20002020   Data           2  pstorage.o(.data)
    m_next_page_addr                         0x20002024   Data           4  pstorage.o(.data)
    m_round_val                              0x20002028   Data           2  pstorage.o(.data)
    m_module_initialized                     0x2000202a   Data           1  pstorage.o(.data)
    m_swap_state                             0x2000202b   Data           1  pstorage.o(.data)
    .data                                    0x2000202c   Section       14  app_scheduler.o(.data)
    m_queue_event_headers                    0x2000202c   Data           4  app_scheduler.o(.data)
    m_queue_event_data                       0x20002030   Data           4  app_scheduler.o(.data)
    m_queue_start_index                      0x20002034   Data           1  app_scheduler.o(.data)
    m_queue_end_index                        0x20002035   Data           1  app_scheduler.o(.data)
    m_queue_event_size                       0x20002036   Data           2  app_scheduler.o(.data)
    m_queue_size                             0x20002038   Data           2  app_scheduler.o(.data)
    .data                                    0x2000203c   Section       41  app_timer.o(.data)
    m_node_array_size                        0x2000203c   Data           1  app_timer.o(.data)
    mp_nodes                                 0x20002040   Data           4  app_timer.o(.data)
    m_user_array_size                        0x20002044   Data           1  app_timer.o(.data)
    mp_users                                 0x20002048   Data           4  app_timer.o(.data)
    m_timer_id_head                          0x2000204c   Data           4  app_timer.o(.data)
    m_ticks_latest                           0x20002050   Data           4  app_timer.o(.data)
    m_ticks_elapsed                          0x20002054   Data           8  app_timer.o(.data)
    m_ticks_elapsed_q_read_ind               0x2000205c   Data           1  app_timer.o(.data)
    m_ticks_elapsed_q_write_ind              0x2000205d   Data           1  app_timer.o(.data)
    m_evt_schedule_func                      0x20002060   Data           4  app_timer.o(.data)
    m_rtc1_running                           0x20002064   Data           1  app_timer.o(.data)
    .data                                    0x20002068   Section       25  ble_conn_params.o(.data)
    m_preferred_conn_params                  0x20002068   Data           8  ble_conn_params.o(.data)
    m_update_count                           0x20002070   Data           1  ble_conn_params.o(.data)
    m_conn_handle                            0x20002072   Data           2  ble_conn_params.o(.data)
    m_current_conn_params                    0x20002074   Data           8  ble_conn_params.o(.data)
    m_conn_params_timer_id                   0x2000207c   Data           4  ble_conn_params.o(.data)
    m_change_param                           0x20002080   Data           1  ble_conn_params.o(.data)
    .data                                    0x20002084   Section       20  softdevice_handler.o(.data)
    m_evt_schedule_func                      0x20002084   Data           4  softdevice_handler.o(.data)
    m_evt_buffer                             0x20002088   Data           4  softdevice_handler.o(.data)
    m_ble_evt_buffer_size                    0x2000208c   Data           2  softdevice_handler.o(.data)
    m_softdevice_enabled                     0x2000208e   Data           1  softdevice_handler.o(.data)
    m_ble_evt_handler                        0x20002090   Data           4  softdevice_handler.o(.data)
    m_sys_evt_handler                        0x20002094   Data           4  softdevice_handler.o(.data)
    .data                                    0x20002098   Section       32  app_button.o(.data)
    mp_buttons                               0x20002098   Data           4  app_button.o(.data)
    m_button_count                           0x2000209c   Data           1  app_button.o(.data)
    m_detection_delay                        0x200020a0   Data           4  app_button.o(.data)
    m_evt_schedule_func                      0x200020a4   Data           4  app_button.o(.data)
    m_gpiote_user_id                         0x200020a8   Data           1  app_button.o(.data)
    m_detection_delay_timer_id               0x200020ac   Data           4  app_button.o(.data)
    m_pin_transition                         0x200020b0   Data           8  app_button.o(.data)
    .data                                    0x200020b8   Section       12  app_gpiote.o(.data)
    m_enabled_users_mask                     0x200020b8   Data           4  app_gpiote.o(.data)
    m_user_array_size                        0x200020bc   Data           1  app_gpiote.o(.data)
    m_user_count                             0x200020bd   Data           1  app_gpiote.o(.data)
    mp_users                                 0x200020c0   Data           4  app_gpiote.o(.data)
    .bss                                     0x200020c4   Section     1056  main.o(.bss)
    zes_Spi0                                 0x200020f0   Data          36  main.o(.bss)
    zes_Lis3dsh                              0x20002114   Data          32  main.o(.bss)
    APP_TIMER_BUF                            0x20002134   Data         616  main.o(.bss)
    m_auth_status                            0x2000239c   Data          50  main.o(.bss)
    EVT_BUFFER                               0x200023d0   Data          80  main.o(.bss)
    APP_SCHED_BUF                            0x20002420   Data         176  main.o(.bss)
    app_gpiote_buf                           0x200024d0   Data          20  main.o(.bss)
    .bss                                     0x200024e4   Section      636  pstorage.o(.bss)
    m_cmd_queue                              0x200024e4   Data         604  pstorage.o(.bss)
    m_app_table                              0x20002740   Data          32  pstorage.o(.bss)
    .bss                                     0x20002760   Section       28  ble_conn_params.o(.bss)
    m_conn_params_config                     0x20002760   Data          28  ble_conn_params.o(.bss)
    .bss                                     0x2000277c   Section       96  libspace.o(.bss)
    HEAP                                     0x200027e0   Section     2048  arm_startup_nrf51.o(HEAP)
    Heap_Mem                                 0x200027e0   Data        2048  arm_startup_nrf51.o(HEAP)
    STACK                                    0x20002fe0   Section     2048  arm_startup_nrf51.o(STACK)
    Stack_Mem                                0x20002fe0   Data        2048  arm_startup_nrf51.o(STACK)
    __initial_sp                             0x200037e0   Data           0  arm_startup_nrf51.o(STACK)

    Global Symbols

    Symbol Name                              Value     Ov Type        Size  Object(Section)

    BuildAttributes$$THM_ISAv3M$S$PE$A:L22$X:L11$S22$IEEE1$IW$USESV6$~STKCKD$USESV7$~SHL$OSPACE$ROPI$EBA8$UX$STANDARDLIB$REQ8$PRES8$EABIv2 0x00000000   Number         0  anon$$obj.o ABSOLUTE
    __ARM_use_no_argv                        0x00000000   Number         0  main.o ABSOLUTE
    __ARM_exceptions_init                     - Undefined Weak Reference
    __alloca_initialize                       - Undefined Weak Reference
    __cpp_initialize__aeabi_                  - Undefined Weak Reference
    __cxa_finalize                            - Undefined Weak Reference
    __rt_locale                               - Undefined Weak Reference
    __sigvec_lookup                           - Undefined Weak Reference
    _atexit_init                              - Undefined Weak Reference
    _call_atexit_fns                          - Undefined Weak Reference
    _clock_init                               - Undefined Weak Reference
    _fp_trap_init                             - Undefined Weak Reference
    _fp_trap_shutdown                         - Undefined Weak Reference
    _get_lc_collate                           - Undefined Weak Reference
    _get_lc_ctype                             - Undefined Weak Reference
    _get_lc_monetary                          - Undefined Weak Reference
    _get_lc_numeric                           - Undefined Weak Reference
    _get_lc_time                              - Undefined Weak Reference
    _getenv_init                              - Undefined Weak Reference
    _handle_redirection                       - Undefined Weak Reference
    _init_alloc                               - Undefined Weak Reference
    _init_user_alloc                          - Undefined Weak Reference
    _initio                                   - Undefined Weak Reference
    _rand_init                                - Undefined Weak Reference
    _signal_finish                            - Undefined Weak Reference
    _signal_init                              - Undefined Weak Reference
    _terminate_alloc                          - Undefined Weak Reference
    _terminate_user_alloc                     - Undefined Weak Reference
    _terminateio                              - Undefined Weak Reference
    __Vectors_Size                           0x000000c0   Number         0  arm_startup_nrf51.o ABSOLUTE
    __Vectors                                0x00016000   Data           4  arm_startup_nrf51.o(RESET)
    __Vectors_End                            0x000160c0   Data           0  arm_startup_nrf51.o(RESET)
    __main                                   0x000160c1   Thumb Code     8  __main.o(!!!main)
    __scatterload                            0x000160c9   Thumb Code     0  __scatter.o(!!!scatter)
    __scatterload_rt2                        0x000160c9   Thumb Code    52  __scatter.o(!!!scatter)
    __scatterload_rt2_thumb_only             0x000160c9   Thumb Code     0  __scatter.o(!!!scatter)
    __scatterload_null                       0x000160d9   Thumb Code     0  __scatter.o(!!!scatter)
    __scatterload_copy                       0x00016105   Thumb Code    26  __scatter_copy.o(!!handler_copy)
    __scatterload_zeroinit                   0x00016121   Thumb Code    28  __scatter_zi.o(!!handler_zi)
    __rt_lib_init                            0x0001613d   Thumb Code     0  libinit.o(.ARM.Collect$$libinit$$00000000)
    __rt_lib_init_fp_1                       0x0001613f   Thumb Code     0  libinit2.o(.ARM.Collect$$libinit$$00000001)
    __rt_lib_init_alloca_1                   0x00016143   Thumb Code     0  libinit2.o(.ARM.Collect$$libinit$$0000002C)
    __rt_lib_init_argv_1                     0x00016143   Thumb Code     0  libinit2.o(.ARM.Collect$$libinit$$0000002A)
    __rt_lib_init_atexit_1                   0x00016143   Thumb Code     0  libinit2.o(.ARM.Collect$$libinit$$00000019)
    __rt_lib_init_clock_1                    0x00016143   Thumb Code     0  libinit2.o(.ARM.Collect$$libinit$$0000001F)
    __rt_lib_init_cpp_1                      0x00016143   Thumb Code     0  libinit2.o(.ARM.Collect$$libinit$$00000030)
    __rt_lib_init_exceptions_1               0x00016143   Thumb Code     0  libinit2.o(.ARM.Collect$$libinit$$0000002E)
    __rt_lib_init_fp_trap_1                  0x00016143   Thumb Code     0  libinit2.o(.ARM.Collect$$libinit$$0000001D)
    __rt_lib_init_getenv_1                   0x00016143   Thumb Code     0  libinit2.o(.ARM.Collect$$libinit$$00000021)
    __rt_lib_init_heap_1                     0x00016143   Thumb Code     0  libinit2.o(.ARM.Collect$$libinit$$00000008)
    __rt_lib_init_lc_collate_1               0x00016143   Thumb Code     0  libinit2.o(.ARM.Collect$$libinit$$0000000F)
    __rt_lib_init_lc_ctype_1                 0x00016143   Thumb Code     0  libinit2.o(.ARM.Collect$$libinit$$00000011)
    __rt_lib_init_lc_monetary_1              0x00016143   Thumb Code     0  libinit2.o(.ARM.Collect$$libinit$$00000013)
    __rt_lib_init_lc_numeric_1               0x00016143   Thumb Code     0  libinit2.o(.ARM.Collect$$libinit$$00000015)
    __rt_lib_init_lc_time_1                  0x00016143   Thumb Code     0  libinit2.o(.ARM.Collect$$libinit$$00000017)
    __rt_lib_init_rand_1                     0x00016143   Thumb Code     0  libinit2.o(.ARM.Collect$$libinit$$0000000C)
    __rt_lib_init_return                     0x00016143   Thumb Code     0  libinit2.o(.ARM.Collect$$libinit$$00000031)
    __rt_lib_init_signal_1                   0x00016143   Thumb Code     0  libinit2.o(.ARM.Collect$$libinit$$0000001B)
    __rt_lib_init_stdio_1                    0x00016143   Thumb Code     0  libinit2.o(.ARM.Collect$$libinit$$00000023)
    __rt_lib_init_user_alloc_1               0x00016143   Thumb Code     0  libinit2.o(.ARM.Collect$$libinit$$0000000A)
    __rt_lib_shutdown                        0x00016145   Thumb Code     0  libshutdown.o(.ARM.Collect$$libshutdown$$00000000)
    __rt_lib_shutdown_fp_trap_1              0x00016147   Thumb Code     0  libshutdown2.o(.ARM.Collect$$libshutdown$$00000006)
    __rt_lib_shutdown_heap_1                 0x00016147   Thumb Code     0  libshutdown2.o(.ARM.Collect$$libshutdown$$0000000E)
    __rt_lib_shutdown_return                 0x00016147   Thumb Code     0  libshutdown2.o(.ARM.Collect$$libshutdown$$0000000F)
    __rt_lib_shutdown_signal_1               0x00016147   Thumb Code     0  libshutdown2.o(.ARM.Collect$$libshutdown$$00000009)
    __rt_lib_shutdown_stdio_1                0x00016147   Thumb Code     0  libshutdown2.o(.ARM.Collect$$libshutdown$$00000003)
    __rt_lib_shutdown_user_alloc_1           0x00016147   Thumb Code     0  libshutdown2.o(.ARM.Collect$$libshutdown$$0000000B)
    __rt_entry                               0x00016149   Thumb Code     0  rtentry.o(.ARM.Collect$$rtentry$$00000000)
    __rt_entry_presh_1                       0x00016149   Thumb Code     0  rtentry2.o(.ARM.Collect$$rtentry$$00000002)
    __rt_entry_sh                            0x00016149   Thumb Code     0  rtentry4.o(.ARM.Collect$$rtentry$$00000004)
    __rt_entry_li                            0x0001614f   Thumb Code     0  rtentry2.o(.ARM.Collect$$rtentry$$0000000A)
    __rt_entry_postsh_1                      0x0001614f   Thumb Code     0  rtentry2.o(.ARM.Collect$$rtentry$$00000009)
    __rt_entry_main                          0x00016153   Thumb Code     0  rtentry2.o(.ARM.Collect$$rtentry$$0000000D)
    __rt_entry_postli_1                      0x00016153   Thumb Code     0  rtentry2.o(.ARM.Collect$$rtentry$$0000000C)
    __rt_exit                                0x0001615b   Thumb Code     0  rtexit.o(.ARM.Collect$$rtexit$$00000000)
    __rt_exit_ls                             0x0001615d   Thumb Code     0  rtexit2.o(.ARM.Collect$$rtexit$$00000003)
    __rt_exit_prels_1                        0x0001615d   Thumb Code     0  rtexit2.o(.ARM.Collect$$rtexit$$00000002)
    __rt_exit_exit                           0x00016161   Thumb Code     0  rtexit2.o(.ARM.Collect$$rtexit$$00000004)
    __asm___11_app_timer_c_cd27f9c3__nrf_delay_us 0x00016169   Thumb Code    30  app_timer.o(.emb_text)
    __asm___11_nrf_delay_c_532987f3__nrf_delay_us 0x00016189   Thumb Code    30  nrf_delay.o(.emb_text)
    __aeabi_memcpy4                          0x000161a9   Thumb Code    56  rt_memcpy.o(.emb_text)
    __aeabi_memcpy8                          0x000161a9   Thumb Code     0  rt_memcpy.o(.emb_text)
    Reset_Handler                            0x000161e1   Thumb Code    26  arm_startup_nrf51.o(.text)
    NMI_Handler                              0x000161fb   Thumb Code     2  arm_startup_nrf51.o(.text)
    HardFault_Handler                        0x000161fd   Thumb Code     2  arm_startup_nrf51.o(.text)
    SVC_Handler                              0x000161ff   Thumb Code     2  arm_startup_nrf51.o(.text)
    PendSV_Handler                           0x00016201   Thumb Code     2  arm_startup_nrf51.o(.text)
    SysTick_Handler                          0x00016203   Thumb Code     2  arm_startup_nrf51.o(.text)
    CCM_AAR_IRQHandler                       0x00016205   Thumb Code     0  arm_startup_nrf51.o(.text)
    ECB_IRQHandler                           0x00016205   Thumb Code     0  arm_startup_nrf51.o(.text)
    LPCOMP_IRQHandler                        0x00016205   Thumb Code     0  arm_startup_nrf51.o(.text)
    POWER_CLOCK_IRQHandler                   0x00016205   Thumb Code     0  arm_startup_nrf51.o(.text)
    QDEC_IRQHandler                          0x00016205   Thumb Code     0  arm_startup_nrf51.o(.text)
    RADIO_IRQHandler                         0x00016205   Thumb Code     0  arm_startup_nrf51.o(.text)
    RNG_IRQHandler                           0x00016205   Thumb Code     0  arm_startup_nrf51.o(.text)
    RTC0_IRQHandler                          0x00016205   Thumb Code     0  arm_startup_nrf51.o(.text)
    SPI0_TWI0_IRQHandler                     0x00016205   Thumb Code     0  arm_startup_nrf51.o(.text)
    SPI1_TWI1_IRQHandler                     0x00016205   Thumb Code     0  arm_startup_nrf51.o(.text)
    SWI1_IRQHandler                          0x00016205   Thumb Code     0  arm_startup_nrf51.o(.text)
    SWI3_IRQHandler                          0x00016205   Thumb Code     0  arm_startup_nrf51.o(.text)
    SWI4_IRQHandler                          0x00016205   Thumb Code     0  arm_startup_nrf51.o(.text)
    SWI5_IRQHandler                          0x00016205   Thumb Code     0  arm_startup_nrf51.o(.text)
    TEMP_IRQHandler                          0x00016205   Thumb Code     0  arm_startup_nrf51.o(.text)
    TIMER0_IRQHandler                        0x00016205   Thumb Code     0  arm_startup_nrf51.o(.text)
    TIMER1_IRQHandler                        0x00016205   Thumb Code     0  arm_startup_nrf51.o(.text)
    TIMER2_IRQHandler                        0x00016205   Thumb Code     0  arm_startup_nrf51.o(.text)
    UART0_IRQHandler                         0x00016205   Thumb Code     0  arm_startup_nrf51.o(.text)
    WDT_IRQHandler                           0x00016205   Thumb Code     0  arm_startup_nrf51.o(.text)
    __user_initial_stackheap                 0x00016209   Thumb Code     0  arm_startup_nrf51.o(.text)
    SystemCoreClockUpdate                    0x00016235   Thumb Code     8  system_nrf51.o(.text)
    SystemInit                               0x000162d9   Thumb Code    38  system_nrf51.o(.text)
    app_error_handler                        0x0001631d   Thumb Code    28  main.o(.text)
    assert_nrf_callback                      0x00016339   Thumb Code    14  main.o(.text)
    main                                     0x00016ac9   Thumb Code   126  main.o(.text)
    zes_spi_trx                              0x00016cc1   Thumb Code   186  zes_spi.o(.text)
    zes_spi_init                             0x00016d7b   Thumb Code   266  zes_spi.o(.text)
    zes_spi_setup                            0x00016e85   Thumb Code    60  zes_spi.o(.text)
    zes_sns_setup                            0x00016ef9   Thumb Code    24  zes_sns.o(.text)
    zes_sns_read                             0x00016f11   Thumb Code   114  zes_sns.o(.text)
    zes_sns_write                            0x00016f83   Thumb Code   118  zes_sns.o(.text)
    zes_sys_init                             0x00016ffd   Thumb Code    30  zes_sys.o(.text)
    zes_sys_pwld                             0x0001701b   Thumb Code    32  zes_sys.o(.text)
    ble_srv_report_ref_encode                0x0001705d   Thumb Code    60  ble_srv_common.o(.text)
    ble_srv_ascii_to_utf8                    0x00017099   Thumb Code    18  ble_srv_common.o(.text)
    ble_bas_on_ble_evt                       0x00017147   Thumb Code    58  ble_bas.o(.text)
    ble_bas_init                             0x00017341   Thumb Code    66  ble_bas.o(.text)
    ble_bas_battery_level_update             0x00017383   Thumb Code   118  ble_bas.o(.text)
    ADC_IRQHandler                           0x00017409   Thumb Code   108  battery.o(.text)
    battery_start                            0x00017475   Thumb Code   132  battery.o(.text)
    ble_sam_init                             0x000177af   Thumb Code    86  ble_sam.o(.text)
    ble_sam_measurement_send                 0x00017805   Thumb Code    74  ble_sam.o(.text)
    ble_sam_on_ble_evt                       0x0001784f   Thumb Code    58  ble_sam.o(.text)
    ble_sam_on_accelerometer_update          0x00017889   Thumb Code    88  ble_sam.o(.text)
    pstorage_sys_event_handler               0x00017e1f   Thumb Code   326  pstorage.o(.text)
    pstorage_init                            0x00017f65   Thumb Code   196  pstorage.o(.text)
    pstorage_register                        0x00018029   Thumb Code   396  pstorage.o(.text)
    pstorage_block_identifier_get            0x000181b5   Thumb Code   136  pstorage.o(.text)
    pstorage_store                           0x0001823d   Thumb Code   202  pstorage.o(.text)
    pstorage_update                          0x00018307   Thumb Code   202  pstorage.o(.text)
    pstorage_load                            0x000183d1   Thumb Code   226  pstorage.o(.text)
    pstorage_clear                           0x000184b3   Thumb Code   184  pstorage.o(.text)
    pstorage_access_status_get               0x0001856b   Thumb Code    36  pstorage.o(.text)
    ble_advdata_set                          0x00018b1d   Thumb Code   122  ble_advdata.o(.text)
    app_sched_init                           0x00018bad   Thumb Code    66  app_scheduler.o(.text)
    app_sched_event_put                      0x00018bef   Thumb Code   238  app_scheduler.o(.text)
    app_sched_execute                        0x00018d31   Thumb Code    30  app_scheduler.o(.text)
    RTC1_IRQHandler                          0x000195e7   Thumb Code    34  app_timer.o(.text)
    SWI0_IRQHandler                          0x00019609   Thumb Code     8  app_timer.o(.text)
    app_timer_init                           0x00019611   Thumb Code   250  app_timer.o(.text)
    app_timer_create                         0x0001970b   Thumb Code   108  app_timer.o(.text)
    app_timer_start                          0x00019799   Thumb Code    98  app_timer.o(.text)
    app_timer_stop                           0x000197fb   Thumb Code    60  app_timer.o(.text)
    app_timer_stop_all                       0x00019837   Thumb Code    26  app_timer.o(.text)
    app_timer_cnt_get                        0x00019851   Thumb Code    14  app_timer.o(.text)
    app_timer_cnt_diff_compute               0x0001985f   Thumb Code    22  app_timer.o(.text)
    ble_conn_params_init                     0x000199db   Thumb Code    90  ble_conn_params.o(.text)
    ble_conn_params_stop                     0x00019a35   Thumb Code    12  ble_conn_params.o(.text)
    ble_conn_params_on_ble_evt               0x00019b83   Thumb Code    62  ble_conn_params.o(.text)
    ble_conn_params_change_conn_params       0x00019bc1   Thumb Code    86  ble_conn_params.o(.text)
    softdevice_assertion_handler             0x00019c3d   Thumb Code    18  softdevice_handler.o(.text)
    intern_softdevice_events_execute         0x00019c4f   Thumb Code   168  softdevice_handler.o(.text)
    softdevice_handler_init                  0x00019cf7   Thumb Code    84  softdevice_handler.o(.text)
    softdevice_handler_sd_disable            0x00019d4b   Thumb Code    24  softdevice_handler.o(.text)
    softdevice_ble_evt_handler_set           0x00019d63   Thumb Code    18  softdevice_handler.o(.text)
    softdevice_sys_evt_handler_set           0x00019d75   Thumb Code    18  softdevice_handler.o(.text)
    SWI2_IRQHandler                          0x00019d87   Thumb Code    52  softdevice_handler.o(.text)
    app_button_init                          0x00019f27   Thumb Code   132  app_button.o(.text)
    app_button_enable                        0x00019fab   Thumb Code    24  app_button.o(.text)
    app_button_disable                       0x00019fc3   Thumb Code    42  app_button.o(.text)
    app_button_is_pushed                     0x00019fed   Thumb Code   124  app_button.o(.text)
    GPIOTE_IRQHandler                        0x0001a13d   Thumb Code   158  app_gpiote.o(.text)
    app_gpiote_init                          0x0001a23d   Thumb Code   116  app_gpiote.o(.text)
    app_gpiote_user_register                 0x0001a2b1   Thumb Code   138  app_gpiote.o(.text)
    app_gpiote_user_enable                   0x0001a33b   Thumb Code   226  app_gpiote.o(.text)
    app_gpiote_user_disable                  0x0001a41d   Thumb Code    66  app_gpiote.o(.text)
    app_gpiote_pins_state_get                0x0001a45f   Thumb Code    52  app_gpiote.o(.text)
    nrf_delay_ms                             0x0001a529   Thumb Code    24  nrf_delay.o(.text)
    zes_lis3dsh_setup                        0x0001a545   Thumb Code    24  zes_lis3dsh.o(.text)
    zes_lis3dsh_init                         0x0001a55d   Thumb Code   114  zes_lis3dsh.o(.text)
    zes_lis3dsh_data                         0x0001a5cf   Thumb Code    82  zes_lis3dsh.o(.text)
    zes_lis3dsh_handler                      0x0001a621   Thumb Code     2  zes_lis3dsh.o(.text)
    strlen                                   0x0001a625   Thumb Code    62  strlen.o(.text)
    __aeabi_memcpy                           0x0001a669   Thumb Code   130  rt_memcpy.o(.text)
    __rt_memcpy                              0x0001a669   Thumb Code     0  rt_memcpy.o(.text)
    _memset_w                                0x0001a6eb   Thumb Code    26  rt_memclr.o(.text)
    _memset                                  0x0001a705   Thumb Code    30  rt_memclr.o(.text)
    __aeabi_memclr                           0x0001a723   Thumb Code     4  rt_memclr.o(.text)
    __rt_memclr                              0x0001a723   Thumb Code     0  rt_memclr.o(.text)
    __aeabi_memclr4                          0x0001a727   Thumb Code     0  rt_memclr.o(.text)
    __aeabi_memclr8                          0x0001a727   Thumb Code     0  rt_memclr.o(.text)
    __rt_memclr_w                            0x0001a727   Thumb Code     4  rt_memclr.o(.text)
    __aeabi_uidiv                            0x0001a72b   Thumb Code     0  aeabi_sdiv.o(.text)
    __aeabi_uidivmod                         0x0001a72b   Thumb Code    20  aeabi_sdiv.o(.text)
    __aeabi_idiv                             0x0001a73f   Thumb Code     0  aeabi_sdiv.o(.text)
    __aeabi_idivmod                          0x0001a73f   Thumb Code   326  aeabi_sdiv.o(.text)
    __use_two_region_memory                  0x0001a885   Thumb Code     2  heapauxi.o(.text)
    __rt_heap_escrow$2region                 0x0001a887   Thumb Code     2  heapauxi.o(.text)
    __rt_heap_expand$2region                 0x0001a889   Thumb Code     2  heapauxi.o(.text)
    __aeabi_i2f_normalise                    0x0001a88b   Thumb Code    72  fflti.o(.text)
    __aeabi_i2f                              0x0001a8d3   Thumb Code    16  fflti.o(.text)
    _fflt                                    0x0001a8d3   Thumb Code     0  fflti.o(.text)
    __aeabi_ui2f                             0x0001a8e3   Thumb Code     6  fflti.o(.text)
    _ffltu                                   0x0001a8e3   Thumb Code     0  fflti.o(.text)
    __user_setup_stackheap                   0x0001a8e9   Thumb Code    62  sys_stackheap_outer.o(.text)
    exit                                     0x0001a927   Thumb Code    12  exit.o(.text)
    __user_libspace                          0x0001a935   Thumb Code     8  libspace.o(.text)
    __user_perproc_libspace                  0x0001a935   Thumb Code     0  libspace.o(.text)
    __user_perthread_libspace                0x0001a935   Thumb Code     0  libspace.o(.text)
    _sys_exit                                0x0001a93d   Thumb Code     8  sys_exit.o(.text)
    __I$use$semihosting                      0x0001a949   Thumb Code     0  use_no_semi.o(.text)
    __use_no_semihosting_swi                 0x0001a949   Thumb Code     2  use_no_semi.o(.text)
    __ARM_common_switch8                     0x0001a94b   Thumb Code    28  zes_spi.o(i.__ARM_common_switch8)
    __semihosting_library_function           0x0001a94b   Thumb Code     0  indicate_semi.o(.text)
    __I$use$fp                               0x0001a966   Number         0  usenofp.o(x$fpl$usenofp)
    Region$$Table$$Base                      0x0001a97c   Number         0  anon$$obj.o(Region$$Table)
    Region$$Table$$Limit                     0x0001a99c   Number         0  anon$$obj.o(Region$$Table)
    SystemCoreClock                          0x20002000   Data           4  system_nrf51.o(.data)
    bas                                      0x200020c4   Data          24  main.o(.bss)
    sam                                      0x200020dc   Data          20  main.o(.bss)
    __libspace_start                         0x2000277c   Data          96  libspace.o(.bss)
    __temporary_stack_top$libspace           0x200027dc   Data           0  libspace.o(.bss)



==============================================================================

Memory Map of the image

  Image Entry point : 0x000160c1

  Load Region LR_IROM1 (Base: 0x00016000, Size: 0x00004a60, Max: 0x00009000, ABSOLUTE)

    Execution Region ER_IROM1 (Base: 0x00016000, Size: 0x0000499c, Max: 0x00009000, ABSOLUTE)

    Base Addr    Size         Type   Attr      Idx    E Section Name        Object

    0x00016000   0x000000c0   Data   RO            3    RESET               arm_startup_nrf51.o
    0x000160c0   0x00000008   Code   RO          890  * !!!main             c_p.l(__main.o)
    0x000160c8   0x0000003c   Code   RO         1059    !!!scatter          c_p.l(__scatter.o)
    0x00016104   0x0000001a   Code   RO         1061    !!handler_copy      c_p.l(__scatter_copy.o)
    0x0001611e   0x00000002   PAD
    0x00016120   0x0000001c   Code   RO         1063    !!handler_zi        c_p.l(__scatter_zi.o)
    0x0001613c   0x00000002   Code   RO          931    .ARM.Collect$$libinit$$00000000  c_p.l(libinit.o)
    0x0001613e   0x00000004   Code   RO          944    .ARM.Collect$$libinit$$00000001  c_p.l(libinit2.o)
    0x00016142   0x00000000   Code   RO          948    .ARM.Collect$$libinit$$00000008  c_p.l(libinit2.o)
    0x00016142   0x00000000   Code   RO          950    .ARM.Collect$$libinit$$0000000A  c_p.l(libinit2.o)
    0x00016142   0x00000000   Code   RO          952    .ARM.Collect$$libinit$$0000000C  c_p.l(libinit2.o)
    0x00016142   0x00000000   Code   RO          955    .ARM.Collect$$libinit$$0000000F  c_p.l(libinit2.o)
    0x00016142   0x00000000   Code   RO          957    .ARM.Collect$$libinit$$00000011  c_p.l(libinit2.o)
    0x00016142   0x00000000   Code   RO          959    .ARM.Collect$$libinit$$00000013  c_p.l(libinit2.o)
    0x00016142   0x00000000   Code   RO          961    .ARM.Collect$$libinit$$00000015  c_p.l(libinit2.o)
    0x00016142   0x00000000   Code   RO          963    .ARM.Collect$$libinit$$00000017  c_p.l(libinit2.o)
    0x00016142   0x00000000   Code   RO          965    .ARM.Collect$$libinit$$00000019  c_p.l(libinit2.o)
    0x00016142   0x00000000   Code   RO          967    .ARM.Collect$$libinit$$0000001B  c_p.l(libinit2.o)
    0x00016142   0x00000000   Code   RO          969    .ARM.Collect$$libinit$$0000001D  c_p.l(libinit2.o)
    0x00016142   0x00000000   Code   RO          971    .ARM.Collect$$libinit$$0000001F  c_p.l(libinit2.o)
    0x00016142   0x00000000   Code   RO          973    .ARM.Collect$$libinit$$00000021  c_p.l(libinit2.o)
    0x00016142   0x00000000   Code   RO          975    .ARM.Collect$$libinit$$00000023  c_p.l(libinit2.o)
    0x00016142   0x00000000   Code   RO          979    .ARM.Collect$$libinit$$0000002A  c_p.l(libinit2.o)
    0x00016142   0x00000000   Code   RO          981    .ARM.Collect$$libinit$$0000002C  c_p.l(libinit2.o)
    0x00016142   0x00000000   Code   RO          983    .ARM.Collect$$libinit$$0000002E  c_p.l(libinit2.o)
    0x00016142   0x00000000   Code   RO          985    .ARM.Collect$$libinit$$00000030  c_p.l(libinit2.o)
    0x00016142   0x00000002   Code   RO          986    .ARM.Collect$$libinit$$00000031  c_p.l(libinit2.o)
    0x00016144   0x00000002   Code   RO         1017    .ARM.Collect$$libshutdown$$00000000  c_p.l(libshutdown.o)
    0x00016146   0x00000000   Code   RO         1044    .ARM.Collect$$libshutdown$$00000003  c_p.l(libshutdown2.o)
    0x00016146   0x00000000   Code   RO         1047    .ARM.Collect$$libshutdown$$00000006  c_p.l(libshutdown2.o)
    0x00016146   0x00000000   Code   RO         1050    .ARM.Collect$$libshutdown$$00000009  c_p.l(libshutdown2.o)
    0x00016146   0x00000000   Code   RO         1052    .ARM.Collect$$libshutdown$$0000000B  c_p.l(libshutdown2.o)
    0x00016146   0x00000000   Code   RO         1055    .ARM.Collect$$libshutdown$$0000000E  c_p.l(libshutdown2.o)
    0x00016146   0x00000002   Code   RO         1056    .ARM.Collect$$libshutdown$$0000000F  c_p.l(libshutdown2.o)
    0x00016148   0x00000000   Code   RO          894    .ARM.Collect$$rtentry$$00000000  c_p.l(rtentry.o)
    0x00016148   0x00000000   Code   RO          901    .ARM.Collect$$rtentry$$00000002  c_p.l(rtentry2.o)
    0x00016148   0x00000006   Code   RO          913    .ARM.Collect$$rtentry$$00000004  c_p.l(rtentry4.o)
    0x0001614e   0x00000000   Code   RO          903    .ARM.Collect$$rtentry$$00000009  c_p.l(rtentry2.o)
    0x0001614e   0x00000004   Code   RO          904    .ARM.Collect$$rtentry$$0000000A  c_p.l(rtentry2.o)
    0x00016152   0x00000000   Code   RO          906    .ARM.Collect$$rtentry$$0000000C  c_p.l(rtentry2.o)
    0x00016152   0x00000008   Code   RO          907    .ARM.Collect$$rtentry$$0000000D  c_p.l(rtentry2.o)
    0x0001615a   0x00000002   Code   RO          936    .ARM.Collect$$rtexit$$00000000  c_p.l(rtexit.o)
    0x0001615c   0x00000000   Code   RO          990    .ARM.Collect$$rtexit$$00000002  c_p.l(rtexit2.o)
    0x0001615c   0x00000004   Code   RO          991    .ARM.Collect$$rtexit$$00000003  c_p.l(rtexit2.o)
    0x00016160   0x00000006   Code   RO          992    .ARM.Collect$$rtexit$$00000004  c_p.l(rtexit2.o)
    0x00016166   0x00000002   PAD
    0x00016168   0x0000001e   Code   RO          624    .emb_text           app_timer.o
    0x00016186   0x00000002   PAD
    0x00016188   0x0000001e   Code   RO          823    .emb_text           nrf_delay.o
    0x000161a6   0x00000002   PAD
    0x000161a8   0x00000038   Code   RO          876    .emb_text           c_p.l(rt_memcpy.o)
    0x000161e0   0x00000054   Code   RO            4    .text               arm_startup_nrf51.o
    0x00016234   0x000000e8   Code   RO           12    .text               system_nrf51.o
    0x0001631c   0x000009a4   Code   RO           69    .text               main.o
    0x00016cc0   0x00000238   Code   RO          265    .text               zes_spi.o
    0x00016ef8   0x00000104   Code   RO          296    .text               zes_sns.o
    0x00016ffc   0x00000060   Code   RO          316    .text               zes_sys.o
    0x0001705c   0x0000008c   Code   RO          337    .text               ble_srv_common.o
    0x000170e8   0x00000320   Code   RO          379    .text               ble_bas.o
    0x00017408   0x000001c4   Code   RO          420    .text               battery.o
    0x000175cc   0x00000324   Code   RO          456    .text               ble_sam.o
    0x000178f0   0x00000cbc   Code   RO          509    .text               pstorage.o
    0x000185ac   0x00000600   Code   RO          564    .text               ble_advdata.o
    0x00018bac   0x00000264   Code   RO          587    .text               app_scheduler.o
    0x00018e10   0x00000b24   Code   RO          625    .text               app_timer.o
    0x00019934   0x00000308   Code   RO          666    .text               ble_conn_params.o
    0x00019c3c   0x000001d4   Code   RO          696    .text               softdevice_handler.o
    0x00019e10   0x000002ac   Code   RO          730    .text               app_button.o
    0x0001a0bc   0x0000046c   Code   RO          764    .text               app_gpiote.o
    0x0001a528   0x0000001c   Code   RO          824    .text               nrf_delay.o
    0x0001a544   0x000000de   Code   RO          848    .text               zes_lis3dsh.o
    0x0001a622   0x00000002   PAD
    0x0001a624   0x00000044   Code   RO          874    .text               c_p.l(strlen.o)
    0x0001a668   0x00000082   Code   RO          877    .text               c_p.l(rt_memcpy.o)
    0x0001a6ea   0x00000040   Code   RO          880    .text               c_p.l(rt_memclr.o)
    0x0001a72a   0x0000015a   Code   RO          884    .text               c_p.l(aeabi_sdiv.o)
    0x0001a884   0x00000006   Code   RO          888    .text               c_p.l(heapauxi.o)
    0x0001a88a   0x0000005e   Code   RO          892    .text               fz_ps.l(fflti.o)
    0x0001a8e8   0x0000003e   Code   RO          917    .text               c_p.l(sys_stackheap_outer.o)
    0x0001a926   0x0000000c   Code   RO          920    .text               c_p.l(exit.o)
    0x0001a932   0x00000002   PAD
    0x0001a934   0x00000008   Code   RO          932    .text               c_p.l(libspace.o)
    0x0001a93c   0x0000000c   Code   RO          987    .text               c_p.l(sys_exit.o)
    0x0001a948   0x00000002   Code   RO         1006    .text               c_p.l(use_no_semi.o)
    0x0001a94a   0x00000000   Code   RO         1008    .text               c_p.l(indicate_semi.o)
    0x0001a94a   0x0000001c   Code   RO          283    i.__ARM_common_switch8  zes_spi.o
    0x0001a966   0x00000000   Code   RO          899    x$fpl$usenofp       fz_ps.l(usenofp.o)
    0x0001a966   0x00000002   PAD
    0x0001a968   0x00000004   Data   RO           71    .constdata          main.o
    0x0001a96c   0x00000010   Data   RO          457    .constdata          ble_sam.o
    0x0001a97c   0x00000020   Data   RO         1057    Region$$Table       anon$$obj.o


    Execution Region RW_IRAM1 (Base: 0x20002000, Size: 0x000017e0, Max: 0x00002000, ABSOLUTE)

    Base Addr    Size         Type   Attr      Idx    E Section Name        Object

    0x20002000   0x00000004   Data   RW           13    .data               system_nrf51.o
    0x20002004   0x0000001c   Data   RW           72    .data               main.o
    0x20002020   0x0000000c   Data   RW          511    .data               pstorage.o
    0x2000202c   0x0000000e   Data   RW          588    .data               app_scheduler.o
    0x2000203a   0x00000002   PAD
    0x2000203c   0x00000029   Data   RW          626    .data               app_timer.o
    0x20002065   0x00000003   PAD
    0x20002068   0x00000019   Data   RW          668    .data               ble_conn_params.o
    0x20002081   0x00000003   PAD
    0x20002084   0x00000014   Data   RW          697    .data               softdevice_handler.o
    0x20002098   0x00000020   Data   RW          731    .data               app_button.o
    0x200020b8   0x0000000c   Data   RW          765    .data               app_gpiote.o
    0x200020c4   0x00000420   Zero   RW           70    .bss                main.o
    0x200024e4   0x0000027c   Zero   RW          510    .bss                pstorage.o
    0x20002760   0x0000001c   Zero   RW          667    .bss                ble_conn_params.o
    0x2000277c   0x00000060   Zero   RW          933    .bss                c_p.l(libspace.o)
    0x200027dc   0x00000004   PAD
    0x200027e0   0x00000800   Zero   RW            2    HEAP                arm_startup_nrf51.o
    0x20002fe0   0x00000800   Zero   RW            1    STACK               arm_startup_nrf51.o


==============================================================================

Image component sizes


      Code (inc. data)   RO Data    RW Data    ZI Data      Debug   Object Name

       684         84          0         32          0       8432   app_button.o
      1132         40          0         12          0      11570   app_gpiote.o
       612         90          0         14          0      12079   app_scheduler.o
      2882        202          0         41          0      23317   app_timer.o
        84         36        192          0       4096        676   arm_startup_nrf51.o
       452         64          0          0          0       3443   battery.o
      1536          4          0          0          0       9790   ble_advdata.o
       800         16          0          0          0      34039   ble_bas.o
       776         38          0         25         28       7278   ble_conn_params.o
       804         16         16          0          0      11239   ble_sam.o
       140         62          0          0          0      20350   ble_srv_common.o
      2468        288          4         28       1056      65139   main.o
        58          4          0          0          0       1303   nrf_delay.o
      3260         94          0         12        636      11982   pstorage.o
       468         86          0         20          0       7156   softdevice_handler.o
       232         30          0          4          0      21313   system_nrf51.o
       222          0          0          0          0       1662   zes_lis3dsh.o
       260          4          0          0          0       1643   zes_sns.o
       596         28          0          0          0       4505   zes_spi.o
        96          6          0          0          0       2916   zes_sys.o

    ----------------------------------------------------------------------
     17568       1192        244        196       5816     259832   Object Totals
         0          0         32          0          0          0   (incl. Generated)
         6          0          0          8          0          0   (incl. Padding)

    ----------------------------------------------------------------------

      Code (inc. data)   RO Data    RW Data    ZI Data      Debug   Library Member Name

         8          0          0          0          0         68   __main.o
        60          8          0          0          0          0   __scatter.o
        26          0          0          0          0          0   __scatter_copy.o
        28          0          0          0          0          0   __scatter_zi.o
       346          0          0          0          0         92   aeabi_sdiv.o
        12          0          0          0          0         64   exit.o
         6          0          0          0          0        136   heapauxi.o
         0          0          0          0          0          0   indicate_semi.o
         2          0          0          0          0          0   libinit.o
         6          0          0          0          0          0   libinit2.o
         2          0          0          0          0          0   libshutdown.o
         2          0          0          0          0          0   libshutdown2.o
         8          4          0          0         96         68   libspace.o
        64          0          0          0          0        108   rt_memclr.o
       186          0          0          0          0        144   rt_memcpy.o
         0          0          0          0          0          0   rtentry.o
        12          0          0          0          0          0   rtentry2.o
         6          0          0          0          0          0   rtentry4.o
         2          0          0          0          0          0   rtexit.o
        10          0          0          0          0          0   rtexit2.o
        68          6          0          0          0         72   strlen.o
        12          4          0          0          0         60   sys_exit.o
        62          0          0          0          0         80   sys_stackheap_outer.o
         2          0          0          0          0         68   use_no_semi.o
        94          0          0          0          0         92   fflti.o
         0          0          0          0          0          0   usenofp.o

    ----------------------------------------------------------------------
      1032         22          0          0        100       1052   Library Totals
         8          0          0          0          4          0   (incl. Padding)

    ----------------------------------------------------------------------

      Code (inc. data)   RO Data    RW Data    ZI Data      Debug   Library Name

       930         22          0          0         96        960   c_p.l
        94          0          0          0          0         92   fz_ps.l

    ----------------------------------------------------------------------
      1032         22          0          0        100       1052   Library Totals

    ----------------------------------------------------------------------

==============================================================================


      Code (inc. data)   RO Data    RW Data    ZI Data      Debug   

     18600       1214        244        196       5916     259440   Grand Totals
     18600       1214        244        196       5916     259440   ELF Image Totals
     18600       1214        244        196          0          0   ROM Totals

==============================================================================

    Total RO  Size (Code + RO Data)                18844 (  18.40kB)
    Total RW  Size (RW Data + ZI Data)              6112 (   5.97kB)
    Total ROM Size (Code + RO Data + RW Data)      19040 (  18.59kB)

==============================================================================

