<html>
<body>
<pre>
<h1>µVision Build Log</h1>
<h2>Project:</h2>
C:\Users\Ryan\Desktop\sensor\prj\ble_app_template.uvprojx
Project File Date:  10/27/2014

<h2>Output:</h2>
Build target 'nrf51822_xxab_s110 (128K)'
creating preprocessor file for main.c...
..\src\ble_sam.h(56): warning:  #1-D: last line of file ends without a newline
  #endif
..\src\main.c: 1 warning, 0 errors
compiling main.c...
..\src\ble_sam.h(56): warning:  #1-D: last line of file ends without a newline
  #endif
..\src\main.c(668): warning:  #223-D: function "nrf_delay_ms" declared implicitly
                nrf_delay_ms(25);
..\src\main.c(178): warning:  #177-D: function "service_error_handler" was declared but never referenced
  static void service_error_handler(uint32_t nrf_error)
..\src\main.c: 3 warnings, 0 errors
linking...
Program Size: Code=18200 RO-data=244 RW-data=192 ZI-data=5912  
FromELF: creating hex file...
".\_build\sensor.axf" - 0 Error(s), 4 Warning(s).

<h2>Software Packages used:</h2>

Package Vendor: ARM
                http://www.keil.com/pack/ARM.CMSIS.4.1.1.pack
                ARM::CMSIS:CORE:3.30.0
                CMSIS (Cortex Microcontroller Software Interface Standard)
   * Component: CORE Version: 3.30.0

Package Vendor: NordicSemiconductor
                http://www.keil.com/pack/NordicSemiconductor.nRF_DeviceFamilyPack.1.1.1.pack
                NordicSemiconductor::Device:Startup:1.0.0
                Nordic Semiconductor nRF ARM devices Device Family Pack.
   * Component: Startup Version: 1.0.0

<h2>Collection of Component include folders:</h2>
  C:\Users\Ryan\Desktop\sensor\prj\RTE
  C:\Keil_v5\ARM\PACK\ARM\CMSIS\4.1.1\CMSIS\Include
  C:\Keil_v5\ARM\PACK\NordicSemiconductor\nRF_DeviceFamilyPack\1.1.1\Device\Include

<h2>Collection of Component Files used:</h2>

   * Component: ARM::CMSIS:CORE:3.30.0
      Source file:   CMSIS\UserCodeTemplates\ARM\ITM_Retarget.c

   * Component: NordicSemiconductor::Device:Startup:1.0.0
      Source file:   Device\Source\arm\arm_startup_nrf51.s
      Source file:   Device\Source\system_nrf51.c
      Include file:  Device\Include\system_nrf51.h
Load "C:\\Users\\Ryan\\Desktop\\sensor\\prj\\_build\\sensor.axf" 
Set JLink Project File to "C:\Users\Ryan\Desktop\sensor\prj\JLinkSettings.ini"
* JLink Info: Device "NRF51822_XXAB" selected (129 KB flash, 16 KB RAM).
 
JLink info:
------------
DLL: V4.90e, compiled Sep  8 2014 18:46:31
Firmware: J-Link Ultra V4 compiled Aug 20 2014 09:13:50
Hardware: V4.00
S/N : 504301076 
Feature(s) : RDI, FlashBP, FlashDL, JFlash, GDB 
 
* JLink Info: Found SWD-DP with ID 0x0BB11477
* JLink Info: Found Cortex-M0 r0p0, Little endian.
* JLink Info: FPUnit: 4 code (BP) slots and 0 literal slots
ROMTableAddr = 0xE00FF003
 
Target info:
------------
Device: nRF51822_xxAB
VTarget = 2.012V
State of Pins: 
TCK: 0, TDI: 0, TDO: 0, TMS: 1, TRES: 1, TRST: 1
Hardware-Breakpoints: 4
Software-Breakpoints: 8192
Watchpoints:          2
JTAG speed: 2000 kHz
 
Erase Done.
Programming Done.
Verify OK.
Application running ...
serCodeTemplates\ARM\ITM_Retarget.c

   * Component: NordicSemiconductor::Device:Startup:1.0.0
      Source file:   Device\Source\arm\arm_startup_nrf51.s
      Source file:   Device\Source\system_nrf51.c
      Include file:  Device\Include\system_nrf51.h
Load "C:\\Users\\Ryan\\Desktop\\sensor\\prj\\_build\\sensor.axf" 
Set JLink Project File to "C:\Users\Ryan\Desktop\sensor\prj\JLinkSettings.ini"
* JLink Info: Device "NRF51822_XXAB" selected (129 KB flash, 16 KB RAM).
 
JLink info:
------------
DLL: V4.90e, compiled Sep  8 2014 18:46:31
Firmware: J-Link Ultra V4 compiled Aug 20 2014 09:13:50
Hardware: V4.00
S/N : 504301076 
Feature(s) : RDI, FlashBP, FlashDL, JFlash, GDB 
 
* JLink Info: Found SWD-DP with ID 0x0BB11477
* JLink Info: Found Cortex-M0 r0p0, Little endian.
* JLink Info: FPUnit: 4 code (BP) slots and 0 literal slots
ROMTableAddr = 0xE00FF003
 
Target info:
------------
Device: nRF51822_xxAB
VTarget = 2.014V
State of Pins: 
TCK: 0, TDI: 0, TDO: 0, TMS: 1, TRES: 1, TRST: 1
Hardware-Breakpoints: 4
Software-Breakpoints: 8192
Watchpoints:          2
JTAG speed: 2000 kHz
 
Erase Done.
Programming Done.
Verify OK.
Application running ...
up:1.0.0
      Source file:   Device\Source\arm\arm_startup_nrf51.s
      Source file:   Device\Source\system_nrf51.c
      Include file:  Device\Include\system_nrf51.h
Load "C:\\Users\\Ryan\\Desktop\\sensor\\prj\\_build\\sensor.axf" 
Set JLink Project File to "C:\Users\Ryan\Desktop\sensor\prj\JLinkSettings.ini"
* JLink Info: Device "NRF51822_XXAB" selected (129 KB flash, 16 KB RAM).
 
JLink info:
------------
DLL: V4.90e, compiled Sep  8 2014 18:46:31
Firmware: J-Link Ultra V4 compiled Aug 20 2014 09:13:50
Hardware: V4.00
S/N : 504301076 
Feature(s) : RDI, FlashBP, FlashDL, JFlash, GDB 
 
* JLink Info: Found SWD-DP with ID 0x0BB11477
* JLink Info: Found Cortex-M0 r0p0, Little endian.
* JLink Info: FPUnit: 4 code (BP) slots and 0 literal slots
ROMTableAddr = 0xE00FF003
 
Target info:
------------
Device: nRF51822_xxAB
VTarget = 2.014V
State of Pins: 
TCK: 0, TDI: 0, TDO: 0, TMS: 1, TRES: 1, TRST: 1
Hardware-Breakpoints: 4
Software-Breakpoints: 8192
Watchpoints:          2
JTAG speed: 2000 kHz
 
Erase Done.
Programming Done.
Verify OK.
Application running ...
